Component: ARM Compiler 5.06 update 7 (build 960) Tool: armlink [4d3601]

==============================================================================

Section Cross References

    main.o(i.main) refers to interface.o(i.all_init) for all_init
    main.o(i.main) refers to interface.o(i.stop_choice) for stop_choice
    main.o(i.main) refers to motor.o(i.stop_display_execute) for stop_display_execute
    main.o(i.main) refers to speed_set.o(i.speed_set_display_execute) for speed_set_display_execute
    main.o(i.main) refers to interface.o(i.decode_choice) for decode_choice
    stm32f10x_it.o(i.EXTI15_10_IRQHandler) refers to stm32f10x_exti.o(i.EXTI_GetITStatus) for EXTI_GetITStatus
    stm32f10x_it.o(i.EXTI15_10_IRQHandler) refers to stm32f10x_exti.o(i.EXTI_ClearITPendingBit) for EXTI_ClearITPendingBit
    stm32f10x_it.o(i.EXTI15_10_IRQHandler) refers to irctrol.o(.data) for ir_rec_flag
    interface.o(i.GPIOCLK_Init) refers to stm32f10x_rcc.o(i.RCC_APB2PeriphClockCmd) for RCC_APB2PeriphClockCmd
    interface.o(i.all_init) refers to delay.o(i.delay_init) for delay_init
    interface.o(i.all_init) refers to interface.o(i.GPIOCLK_Init) for GPIOCLK_Init
    interface.o(i.all_init) refers to led.o(i.led_init) for led_init
    interface.o(i.all_init) refers to irctrol.o(i.IRCtrolInit) for IRCtrolInit
    interface.o(i.all_init) refers to timer.o(i.TIM2_Init) for TIM2_Init
    interface.o(i.all_init) refers to motor.o(i.motor_init) for motor_init
    interface.o(i.all_init) refers to oled_iic.o(i.OLED_Init) for OLED_Init
    interface.o(i.all_init) refers to oled_iic.o(i.OLED_Clear) for OLED_Clear
    interface.o(i.all_init) refers to uart.o(i.USART3Conf) for USART3Conf
    interface.o(i.all_init) refers to uart.o(i.USART2Conf) for USART2Conf
    interface.o(i.all_init) refers to oled_iic.o(i.OLED_ShowCH) for OLED_ShowCH
    interface.o(i.all_init) refers to oled_iic.o(i.OLED_ShowNum) for OLED_ShowNum
    interface.o(i.all_init) refers to speed_set.o(.data) for sudu
    interface.o(i.decode_choice) refers to irctrol.o(i.IRIntIsr) for IRIntIsr
    interface.o(i.decode_choice) refers to motor.o(i.CarGo) for CarGo
    interface.o(i.decode_choice) refers to motor.o(i.CarBack) for CarBack
    interface.o(i.decode_choice) refers to motor.o(i.CarLeft) for CarLeft
    interface.o(i.decode_choice) refers to motor.o(i.CarRight) for CarRight
    interface.o(i.decode_choice) refers to motor.o(i.CarStop) for CarStop
    interface.o(i.decode_choice) refers to irctrol.o(.data) for ir_rec_flag
    interface.o(i.decode_choice) refers to uart.o(.data) for BT_flag
    interface.o(i.decode_choice) refers to motor.o(.data) for stop_display_flag
    interface.o(i.decode_choice) refers to speed_set.o(.data) for speed_and_flag
    interface.o(i.stop_choice) refers to led.o(i.led_toggle) for led_toggle
    interface.o(i.stop_choice) refers to timer.o(.data) for Time_1ms
    interface.o(i.stop_choice) refers to led.o(.data) for tick_200ms
    led.o(i.led_init) refers to stm32f10x_gpio.o(i.GPIO_Init) for GPIO_Init
    led.o(i.led_init) refers to stm32f10x_gpio.o(i.GPIO_SetBits) for GPIO_SetBits
    irctrol.o(i.DelayIr) refers to irctrol.o(i.DelayUs) for DelayUs
    irctrol.o(i.DelayUs) refers to stm32f10x_tim.o(i.TIM_Cmd) for TIM_Cmd
    irctrol.o(i.DelayUs) refers to stm32f10x_tim.o(i.TIM_SetCounter) for TIM_SetCounter
    irctrol.o(i.DelayUs) refers to stm32f10x_tim.o(i.TIM_GetCounter) for TIM_GetCounter
    irctrol.o(i.IRCtrolInit) refers to stm32f10x_rcc.o(i.RCC_APB2PeriphClockCmd) for RCC_APB2PeriphClockCmd
    irctrol.o(i.IRCtrolInit) refers to stm32f10x_gpio.o(i.GPIO_Init) for GPIO_Init
    irctrol.o(i.IRCtrolInit) refers to stm32f10x_gpio.o(i.GPIO_EXTILineConfig) for GPIO_EXTILineConfig
    irctrol.o(i.IRCtrolInit) refers to stm32f10x_exti.o(i.EXTI_Init) for EXTI_Init
    irctrol.o(i.IRCtrolInit) refers to misc.o(i.NVIC_PriorityGroupConfig) for NVIC_PriorityGroupConfig
    irctrol.o(i.IRCtrolInit) refers to misc.o(i.NVIC_Init) for NVIC_Init
    irctrol.o(i.IRCtrolInit) refers to irctrol.o(i.Time3Init) for Time3Init
    irctrol.o(i.IRIntIsr) refers to irctrol.o(i.DelayIr) for DelayIr
    irctrol.o(i.IRIntIsr) refers to stm32f10x_gpio.o(i.GPIO_ReadInputDataBit) for GPIO_ReadInputDataBit
    irctrol.o(i.IRIntIsr) refers to irctrol.o(.data) for continue_time
    irctrol.o(i.Time3Init) refers to stm32f10x_rcc.o(i.RCC_APB1PeriphClockCmd) for RCC_APB1PeriphClockCmd
    irctrol.o(i.Time3Init) refers to stm32f10x_tim.o(i.TIM_TimeBaseInit) for TIM_TimeBaseInit
    motor.o(i.CarBack) refers to speed_set.o(.data) for sudu
    motor.o(i.CarBack) refers to motor.o(.data) for front_left_speed_duty
    motor.o(i.CarGo) refers to speed_set.o(.data) for sudu
    motor.o(i.CarGo) refers to motor.o(.data) for front_left_speed_duty
    motor.o(i.CarLeft) refers to speed_set.o(.data) for sudu
    motor.o(i.CarLeft) refers to motor.o(.data) for front_left_speed_duty
[...]
    Removing stm32f10x_gpio.o(i.GPIO_ETH_MediaInterfaceConfig), (12 bytes).
    Removing stm32f10x_gpio.o(i.GPIO_EventOutputCmd), (12 bytes).
    Removing stm32f10x_gpio.o(i.GPIO_EventOutputConfig), (32 bytes).
    Removing stm32f10x_gpio.o(i.GPIO_PinLockConfig), (18 bytes).
    Removing stm32f10x_gpio.o(i.GPIO_PinRemapConfig), (144 bytes).
    Removing stm32f10x_gpio.o(i.GPIO_ReadInputData), (8 bytes).
    Removing stm32f10x_gpio.o(i.GPIO_ReadOutputData), (8 bytes).
    Removing stm32f10x_gpio.o(i.GPIO_ReadOutputDataBit), (18 bytes).
    Removing stm32f10x_gpio.o(i.GPIO_StructInit), (16 bytes).
    Removing stm32f10x_gpio.o(i.GPIO_Write), (4 bytes).
    Removing stm32f10x_gpio.o(i.GPIO_WriteBit), (10 bytes).
    Removing stm32f10x_i2c.o(i.I2C_ARPCmd), (24 bytes).
    Removing stm32f10x_i2c.o(i.I2C_AcknowledgeConfig), (24 bytes).
    Removing stm32f10x_i2c.o(i.I2C_CalculatePEC), (24 bytes).
    Removing stm32f10x_i2c.o(i.I2C_CheckEvent), (42 bytes).
    Removing stm32f10x_i2c.o(i.I2C_ClearFlag), (12 bytes).
    Removing stm32f10x_i2c.o(i.I2C_ClearITPendingBit), (12 bytes).
    Removing stm32f10x_i2c.o(i.I2C_Cmd), (24 bytes).
    Removing stm32f10x_i2c.o(i.I2C_DMACmd), (24 bytes).
    Removing stm32f10x_i2c.o(i.I2C_DMALastTransferCmd), (24 bytes).
    Removing stm32f10x_i2c.o(i.I2C_DeInit), (56 bytes).
    Removing stm32f10x_i2c.o(i.I2C_DualAddressCmd), (24 bytes).
    Removing stm32f10x_i2c.o(i.I2C_FastModeDutyCycleConfig), (28 bytes).
    Removing stm32f10x_i2c.o(i.I2C_GeneralCallCmd), (24 bytes).
    Removing stm32f10x_i2c.o(i.I2C_GenerateSTART), (24 bytes).
    Removing stm32f10x_i2c.o(i.I2C_GenerateSTOP), (24 bytes).
    Removing stm32f10x_i2c.o(i.I2C_GetFlagStatus), (58 bytes).
    Removing stm32f10x_i2c.o(i.I2C_GetITStatus), (38 bytes).
    Removing stm32f10x_i2c.o(i.I2C_GetLastEvent), (26 bytes).
    Removing stm32f10x_i2c.o(i.I2C_GetPEC), (8 bytes).
    Removing stm32f10x_i2c.o(i.I2C_ITConfig), (18 bytes).
    Removing stm32f10x_i2c.o(i.I2C_Init), (236 bytes).
    Removing stm32f10x_i2c.o(i.I2C_NACKPositionConfig), (28 bytes).
    Removing stm32f10x_i2c.o(i.I2C_OwnAddress2Config), (22 bytes).
    Removing stm32f10x_i2c.o(i.I2C_PECPositionConfig), (28 bytes).
    Removing stm32f10x_i2c.o(i.I2C_ReadRegister), (22 bytes).
    Removing stm32f10x_i2c.o(i.I2C_ReceiveData), (8 bytes).
    Removing stm32f10x_i2c.o(i.I2C_SMBusAlertConfig), (28 bytes).
    Removing stm32f10x_i2c.o(i.I2C_Send7bitAddress), (18 bytes).
    Removing stm32f10x_i2c.o(i.I2C_SendData), (4 bytes).
    Removing stm32f10x_i2c.o(i.I2C_SoftwareResetCmd), (22 bytes).
    Removing stm32f10x_i2c.o(i.I2C_StretchClockCmd), (24 bytes).
    Removing stm32f10x_i2c.o(i.I2C_StructInit), (30 bytes).
    Removing stm32f10x_i2c.o(i.I2C_TransmitPEC), (24 bytes).
    Removing stm32f10x_iwdg.o(i.IWDG_Enable), (16 bytes).
    Removing stm32f10x_iwdg.o(i.IWDG_GetFlagStatus), (24 bytes).
    Removing stm32f10x_iwdg.o(i.IWDG_ReloadCounter), (16 bytes).
    Removing stm32f10x_iwdg.o(i.IWDG_SetPrescaler), (12 bytes).
    Removing stm32f10x_iwdg.o(i.IWDG_SetReload), (12 bytes).
    Removing stm32f10x_iwdg.o(i.IWDG_WriteAccessCmd), (12 bytes).
    Removing stm32f10x_pwr.o(i.PWR_BackupAccessCmd), (12 bytes).
    Removing stm32f10x_pwr.o(i.PWR_ClearFlag), (20 bytes).
    Removing stm32f10x_pwr.o(i.PWR_DeInit), (22 bytes).
    Removing stm32f10x_pwr.o(i.PWR_EnterSTANDBYMode), (40 bytes).
    Removing stm32f10x_pwr.o(i.PWR_EnterSTOPMode), (64 bytes).
    Removing stm32f10x_pwr.o(i.PWR_GetFlagStatus), (24 bytes).
    Removing stm32f10x_pwr.o(i.PWR_PVDCmd), (12 bytes).
    Removing stm32f10x_pwr.o(i.PWR_PVDLevelConfig), (24 bytes).
    Removing stm32f10x_pwr.o(i.PWR_WakeUpPinCmd), (12 bytes).
    Removing stm32f10x_rcc.o(i.RCC_ADCCLKConfig), (24 bytes).
    Removing stm32f10x_rcc.o(i.RCC_AHBPeriphClockCmd), (32 bytes).
    Removing stm32f10x_rcc.o(i.RCC_APB1PeriphResetCmd), (32 bytes).
    Removing stm32f10x_rcc.o(i.RCC_APB2PeriphResetCmd), (32 bytes).
    Removing stm32f10x_rcc.o(i.RCC_AdjustHSICalibrationValue), (24 bytes).
    Removing stm32f10x_rcc.o(i.RCC_BackupResetCmd), (12 bytes).
    Removing stm32f10x_rcc.o(i.RCC_ClearFlag), (20 bytes).
    Removing stm32f10x_rcc.o(i.RCC_ClearITPendingBit), (12 bytes).
    Removing stm32f10x_rcc.o(i.RCC_ClockSecuritySystemCmd), (12 bytes).
    Removing stm32f10x_rcc.o(i.RCC_DeInit), (76 bytes).
    Removing stm32f10x_rcc.o(i.RCC_GetFlagStatus), (60 bytes).
    Removing stm32f10x_rcc.o(i.RCC_GetITStatus), (24 bytes).
    Removing stm32f10x_rcc.o(i.RCC_GetSYSCLKSource), (16 bytes).
    Removing stm32f10x_rcc.o(i.RCC_HCLKConfig), (24 bytes).
    Removing stm32f10x_rcc.o(i.RCC_HSEConfig), (76 bytes).
    Removing stm32f10x_rcc.o(i.RCC_HSICmd), (12 bytes).
    Removing stm32f10x_rcc.o(i.RCC_ITConfig), (32 bytes).
    Removing stm32f10x_rcc.o(i.RCC_LSEConfig), (52 bytes).
    Removing stm32f10x_rcc.o(i.RCC_LSICmd), (12 bytes).
    Removing stm32f10x_rcc.o(i.RCC_MCOConfig), (12 bytes).
    Removing stm32f10x_rcc.o(i.RCC_PCLK1Config), (24 bytes).
    Removing stm32f10x_rcc.o(i.RCC_PCLK2Config), (24 bytes).
    Removing stm32f10x_rcc.o(i.RCC_PLLCmd), (12 bytes).
    Removing stm32f10x_rcc.o(i.RCC_PLLConfig), (28 bytes).
    Removing stm32f10x_rcc.o(i.RCC_RTCCLKCmd), (12 bytes).
    Removing stm32f10x_rcc.o(i.RCC_RTCCLKConfig), (16 bytes).
    Removing stm32f10x_rcc.o(i.RCC_SYSCLKConfig), (24 bytes).
    Removing stm32f10x_rcc.o(i.RCC_USBCLKConfig), (12 bytes).
    Removing stm32f10x_rcc.o(i.RCC_WaitForHSEStartUp), (56 bytes).
    Removing stm32f10x_rtc.o(i.RTC_ClearFlag), (16 bytes).
    Removing stm32f10x_rtc.o(i.RTC_ClearITPendingBit), (16 bytes).
    Removing stm32f10x_rtc.o(i.RTC_EnterConfigMode), (20 bytes).
    Removing stm32f10x_rtc.o(i.RTC_ExitConfigMode), (20 bytes).
    Removing stm32f10x_rtc.o(i.RTC_GetCounter), (44 bytes).
    Removing stm32f10x_rtc.o(i.RTC_GetDivider), (24 bytes).
    Removing stm32f10x_rtc.o(i.RTC_GetFlagStatus), (24 bytes).
    Removing stm32f10x_rtc.o(i.RTC_GetITStatus), (36 bytes).
    Removing stm32f10x_rtc.o(i.RTC_ITConfig), (32 bytes).
    Removing stm32f10x_rtc.o(i.RTC_SetAlarm), (28 bytes).
    Removing stm32f10x_rtc.o(i.RTC_SetCounter), (28 bytes).
    Removing stm32f10x_rtc.o(i.RTC_SetPrescaler), (32 bytes).
    Removing stm32f10x_rtc.o(i.RTC_WaitForLastTask), (20 bytes).
    Removing stm32f10x_rtc.o(i.RTC_WaitForSynchro), (36 bytes).
    Removing stm32f10x_sdio.o(i.SDIO_CEATAITCmd), (16 bytes).
    Removing stm32f10x_sdio.o(i.SDIO_ClearFlag), (12 bytes).
    Removing stm32f10x_sdio.o(i.SDIO_ClearITPendingBit), (12 bytes).
    Removing stm32f10x_sdio.o(i.SDIO_ClockCmd), (12 bytes).
    Removing stm32f10x_sdio.o(i.SDIO_CmdStructInit), (14 bytes).
    Removing stm32f10x_sdio.o(i.SDIO_CommandCompletionCmd), (12 bytes).
    Removing stm32f10x_sdio.o(i.SDIO_DMACmd), (12 bytes).
    Removing stm32f10x_sdio.o(i.SDIO_DataConfig), (48 bytes).
    Removing stm32f10x_sdio.o(i.SDIO_DataStructInit), (20 bytes).
    Removing stm32f10x_sdio.o(i.SDIO_DeInit), (36 bytes).
    Removing stm32f10x_sdio.o(i.SDIO_GetCommandResponse), (12 bytes).
    Removing stm32f10x_sdio.o(i.SDIO_GetDataCounter), (12 bytes).
    Removing stm32f10x_sdio.o(i.SDIO_GetFIFOCount), (12 bytes).
    Removing stm32f10x_sdio.o(i.SDIO_GetFlagStatus), (24 bytes).
    Removing stm32f10x_sdio.o(i.SDIO_GetITStatus), (24 bytes).
    Removing stm32f10x_sdio.o(i.SDIO_GetPowerState), (16 bytes).
    Removing stm32f10x_sdio.o(i.SDIO_GetResponse), (24 bytes).
    Removing stm32f10x_sdio.o(i.SDIO_ITConfig), (32 bytes).
    Removing stm32f10x_sdio.o(i.SDIO_Init), (48 bytes).
    Removing stm32f10x_sdio.o(i.SDIO_ReadData), (12 bytes).
    Removing stm32f10x_sdio.o(i.SDIO_SendCEATACmd), (12 bytes).
    Removing stm32f10x_sdio.o(i.SDIO_SendCommand), (44 bytes).
    Removing stm32f10x_sdio.o(i.SDIO_SendSDIOSuspendCmd), (12 bytes).
    Removing stm32f10x_sdio.o(i.SDIO_SetPowerState), (12 bytes).
    Removing stm32f10x_sdio.o(i.SDIO_SetSDIOOperation), (12 bytes).
    Removing stm32f10x_sdio.o(i.SDIO_SetSDIOReadWaitMode), (12 bytes).
    Removing stm32f10x_sdio.o(i.SDIO_StartSDIOReadWait), (12 bytes).
    Removing stm32f10x_sdio.o(i.SDIO_StopSDIOReadWait), (12 bytes).
    Removing stm32f10x_sdio.o(i.SDIO_StructInit), (16 bytes).
    Removing stm32f10x_sdio.o(i.SDIO_WriteData), (12 bytes).
    Removing stm32f10x_spi.o(i.I2S_Cmd), (24 bytes).
    Removing stm32f10x_spi.o(i.I2S_Init), (232 bytes).
    Removing stm32f10x_spi.o(i.I2S_StructInit), (20 bytes).
    Removing stm32f10x_spi.o(i.SPI_BiDirectionalLineConfig), (28 bytes).
    Removing stm32f10x_spi.o(i.SPI_CalculateCRC), (24 bytes).
    Removing stm32f10x_spi.o(i.SPI_Cmd), (24 bytes).
    Removing stm32f10x_spi.o(i.SPI_DataSizeConfig), (18 bytes).
    Removing stm32f10x_spi.o(i.SPI_GetCRC), (16 bytes).
    Removing stm32f10x_spi.o(i.SPI_GetCRCPolynomial), (6 bytes).
    Removing stm32f10x_spi.o(i.SPI_I2S_ClearFlag), (6 bytes).
    Removing stm32f10x_spi.o(i.SPI_I2S_ClearITPendingBit), (20 bytes).
    Removing stm32f10x_spi.o(i.SPI_I2S_DMACmd), (18 bytes).
    Removing stm32f10x_spi.o(i.SPI_I2S_DeInit), (88 bytes).
    Removing stm32f10x_spi.o(i.SPI_I2S_GetFlagStatus), (18 bytes).
    Removing stm32f10x_spi.o(i.SPI_I2S_GetITStatus), (52 bytes).
    Removing stm32f10x_spi.o(i.SPI_I2S_ITConfig), (32 bytes).
    Removing stm32f10x_spi.o(i.SPI_I2S_ReceiveData), (6 bytes).
    Removing stm32f10x_spi.o(i.SPI_I2S_SendData), (4 bytes).
    Removing stm32f10x_spi.o(i.SPI_Init), (60 bytes).
    Removing stm32f10x_spi.o(i.SPI_NSSInternalSoftwareConfig), (30 bytes).
    Removing stm32f10x_spi.o(i.SPI_SSOutputCmd), (24 bytes).
    Removing stm32f10x_spi.o(i.SPI_StructInit), (24 bytes).
    Removing stm32f10x_spi.o(i.SPI_TransmitCRC), (10 bytes).
    Removing stm32f10x_tim.o(i.TI1_Config), (128 bytes).
    Removing stm32f10x_tim.o(i.TI2_Config), (152 bytes).
    Removing stm32f10x_tim.o(i.TI3_Config), (144 bytes).
    Removing stm32f10x_tim.o(i.TI4_Config), (152 bytes).
    Removing stm32f10x_tim.o(i.TIM_ARRPreloadConfig), (24 bytes).
    Removing stm32f10x_tim.o(i.TIM_BDTRConfig), (32 bytes).
    Removing stm32f10x_tim.o(i.TIM_BDTRStructInit), (18 bytes).
    Removing stm32f10x_tim.o(i.TIM_CCPreloadControl), (24 bytes).
    Removing stm32f10x_tim.o(i.TIM_CCxCmd), (30 bytes).
    Removing stm32f10x_tim.o(i.TIM_CCxNCmd), (30 bytes).
    Removing stm32f10x_tim.o(i.TIM_ClearFlag), (6 bytes).
    Removing stm32f10x_tim.o(i.TIM_ClearOC1Ref), (18 bytes).
    Removing stm32f10x_tim.o(i.TIM_ClearOC2Ref), (24 bytes).
    Removing stm32f10x_tim.o(i.TIM_ClearOC3Ref), (18 bytes).
    Removing stm32f10x_tim.o(i.TIM_ClearOC4Ref), (24 bytes).
    Removing stm32f10x_tim.o(i.TIM_CounterModeConfig), (18 bytes).
    Removing stm32f10x_tim.o(i.TIM_CtrlPWMOutputs), (30 bytes).
    Removing stm32f10x_tim.o(i.TIM_DMACmd), (18 bytes).
    Removing stm32f10x_tim.o(i.TIM_DMAConfig), (10 bytes).
    Removing stm32f10x_tim.o(i.TIM_DeInit), (488 bytes).
    Removing stm32f10x_tim.o(i.TIM_ETRClockMode1Config), (54 bytes).
    Removing stm32f10x_tim.o(i.TIM_ETRClockMode2Config), (32 bytes).
    Removing stm32f10x_tim.o(i.TIM_ETRConfig), (28 bytes).
    Removing stm32f10x_tim.o(i.TIM_EncoderInterfaceConfig), (66 bytes).
    Removing stm32f10x_tim.o(i.TIM_ForcedOC1Config), (18 bytes).
    Removing stm32f10x_tim.o(i.TIM_ForcedOC2Config), (26 bytes).
    Removing stm32f10x_tim.o(i.TIM_ForcedOC3Config), (18 bytes).
    Removing stm32f10x_tim.o(i.TIM_ForcedOC4Config), (26 bytes).
    Removing stm32f10x_tim.o(i.TIM_GenerateEvent), (4 bytes).
    Removing stm32f10x_tim.o(i.TIM_GetCapture1), (6 bytes).
    Removing stm32f10x_tim.o(i.TIM_GetCapture2), (6 bytes).
    Removing stm32f10x_tim.o(i.TIM_GetCapture3), (6 bytes).
    Removing stm32f10x_tim.o(i.TIM_GetCapture4), (8 bytes).
    Removing stm32f10x_tim.o(i.TIM_GetFlagStatus), (18 bytes).
    Removing stm32f10x_tim.o(i.TIM_GetPrescaler), (6 bytes).
    Removing stm32f10x_tim.o(i.TIM_ICInit), (172 bytes).
    Removing stm32f10x_tim.o(i.TIM_ICStructInit), (18 bytes).
    Removing stm32f10x_tim.o(i.TIM_ITRxExternalClockConfig), (24 bytes).
    Removing stm32f10x_tim.o(i.TIM_InternalClockConfig), (12 bytes).
    Removing stm32f10x_tim.o(i.TIM_OC1FastConfig), (18 bytes).
    Removing stm32f10x_tim.o(i.TIM_OC1Init), (152 bytes).
    Removing stm32f10x_tim.o(i.TIM_OC1NPolarityConfig), (18 bytes).
    Removing stm32f10x_tim.o(i.TIM_OC1PolarityConfig), (18 bytes).
    Removing stm32f10x_tim.o(i.TIM_OC1PreloadConfig), (18 bytes).
    Removing stm32f10x_tim.o(i.TIM_OC2FastConfig), (26 bytes).
    Removing stm32f10x_tim.o(i.TIM_OC2Init), (164 bytes).
    Removing stm32f10x_tim.o(i.TIM_OC2NPolarityConfig), (26 bytes).
    Removing stm32f10x_tim.o(i.TIM_OC2PolarityConfig), (26 bytes).
    Removing stm32f10x_tim.o(i.TIM_OC2PreloadConfig), (26 bytes).
    Removing stm32f10x_tim.o(i.TIM_OC3FastConfig), (18 bytes).
    Removing stm32f10x_tim.o(i.TIM_OC3Init), (160 bytes).
    Removing stm32f10x_tim.o(i.TIM_OC3NPolarityConfig), (26 bytes).
    Removing stm32f10x_tim.o(i.TIM_OC3PolarityConfig), (26 bytes).
    Removing stm32f10x_tim.o(i.TIM_OC3PreloadConfig), (18 bytes).
    Removing stm32f10x_tim.o(i.TIM_OC4FastConfig), (26 bytes).
    Removing stm32f10x_tim.o(i.TIM_OC4Init), (124 bytes).
    Removing stm32f10x_tim.o(i.TIM_OC4PolarityConfig), (26 bytes).
    Removing stm32f10x_tim.o(i.TIM_OC4PreloadConfig), (26 bytes).
    Removing stm32f10x_tim.o(i.TIM_OCStructInit), (20 bytes).
    Removing stm32f10x_tim.o(i.TIM_PWMIConfig), (124 bytes).
    Removing stm32f10x_tim.o(i.TIM_PrescalerConfig), (6 bytes).
    Removing stm32f10x_tim.o(i.TIM_SelectCCDMA), (24 bytes).
    Removing stm32f10x_tim.o(i.TIM_SelectCOM), (24 bytes).
    Removing stm32f10x_tim.o(i.TIM_SelectHallSensor), (24 bytes).
    Removing stm32f10x_tim.o(i.TIM_SelectInputTrigger), (18 bytes).
    Removing stm32f10x_tim.o(i.TIM_SelectMasterSlaveMode), (18 bytes).
    Removing stm32f10x_tim.o(i.TIM_SelectOCxM), (82 bytes).
    Removing stm32f10x_tim.o(i.TIM_SelectOnePulseMode), (18 bytes).
    Removing stm32f10x_tim.o(i.TIM_SelectOutputTrigger), (18 bytes).
    Removing stm32f10x_tim.o(i.TIM_SelectSlaveMode), (18 bytes).
    Removing stm32f10x_tim.o(i.TIM_SetAutoreload), (4 bytes).
    Removing stm32f10x_tim.o(i.TIM_SetClockDivision), (18 bytes).
    Removing stm32f10x_tim.o(i.TIM_SetCompare1), (4 bytes).
    Removing stm32f10x_tim.o(i.TIM_SetCompare2), (4 bytes).
    Removing stm32f10x_tim.o(i.TIM_SetCompare3), (4 bytes).
    Removing stm32f10x_tim.o(i.TIM_SetCompare4), (6 bytes).
    Removing stm32f10x_tim.o(i.TIM_SetIC1Prescaler), (18 bytes).
    Removing stm32f10x_tim.o(i.TIM_SetIC2Prescaler), (26 bytes).
    Removing stm32f10x_tim.o(i.TIM_SetIC3Prescaler), (18 bytes).
    Removing stm32f10x_tim.o(i.TIM_SetIC4Prescaler), (26 bytes).
    Removing stm32f10x_tim.o(i.TIM_TIxExternalClockConfig), (62 bytes).
    Removing stm32f10x_tim.o(i.TIM_TimeBaseStructInit), (18 bytes).
    Removing stm32f10x_tim.o(i.TIM_UpdateDisableConfig), (24 bytes).
    Removing stm32f10x_tim.o(i.TIM_UpdateRequestConfig), (24 bytes).
    Removing stm32f10x_usart.o(i.USART_ClockInit), (34 bytes).
    Removing stm32f10x_usart.o(i.USART_ClockStructInit), (12 bytes).
    Removing stm32f10x_usart.o(i.USART_DMACmd), (18 bytes).
    Removing stm32f10x_usart.o(i.USART_DeInit), (156 bytes).
    Removing stm32f10x_usart.o(i.USART_GetFlagStatus), (26 bytes).
    Removing stm32f10x_usart.o(i.USART_HalfDuplexCmd), (24 bytes).
    Removing stm32f10x_usart.o(i.USART_IrDACmd), (24 bytes).
    Removing stm32f10x_usart.o(i.USART_IrDAConfig), (18 bytes).
    Removing stm32f10x_usart.o(i.USART_LINBreakDetectLengthConfig), (18 bytes).
    Removing stm32f10x_usart.o(i.USART_LINCmd), (24 bytes).
    Removing stm32f10x_usart.o(i.USART_OneBitMethodCmd), (24 bytes).
    Removing stm32f10x_usart.o(i.USART_OverSampling8Cmd), (22 bytes).
    Removing stm32f10x_usart.o(i.USART_ReceiverWakeUpCmd), (24 bytes).
    Removing stm32f10x_usart.o(i.USART_SendBreak), (10 bytes).
    Removing stm32f10x_usart.o(i.USART_SendData), (8 bytes).
    Removing stm32f10x_usart.o(i.USART_SetAddress), (18 bytes).
    Removing stm32f10x_usart.o(i.USART_SetGuardTime), (16 bytes).
    Removing stm32f10x_usart.o(i.USART_SetPrescaler), (16 bytes).
    Removing stm32f10x_usart.o(i.USART_SmartCardCmd), (24 bytes).
    Removing stm32f10x_usart.o(i.USART_SmartCardNACKCmd), (24 bytes).
    Removing stm32f10x_usart.o(i.USART_StructInit), (24 bytes).
    Removing stm32f10x_usart.o(i.USART_WakeUpConfig), (18 bytes).
    Removing stm32f10x_wwdg.o(i.WWDG_ClearFlag), (12 bytes).
    Removing stm32f10x_wwdg.o(i.WWDG_DeInit), (22 bytes).
    Removing stm32f10x_wwdg.o(i.WWDG_Enable), (16 bytes).
    Removing stm32f10x_wwdg.o(i.WWDG_EnableIT), (12 bytes).
    Removing stm32f10x_wwdg.o(i.WWDG_GetFlagStatus), (12 bytes).
    Removing stm32f10x_wwdg.o(i.WWDG_SetCounter), (16 bytes).
    Removing stm32f10x_wwdg.o(i.WWDG_SetPrescaler), (24 bytes).
    Removing stm32f10x_wwdg.o(i.WWDG_SetWindowValue), (40 bytes).

459 unused section(s) (total 18206 bytes) removed from the image.

==============================================================================

Image Symbol Table

    Local Symbols

    Symbol Name                              Value     Ov Type        Size  Object(Section)

    ../clib/angel/boardlib.s                 0x00000000   Number         0  boardinit2.o ABSOLUTE
    ../clib/angel/boardlib.s                 0x00000000   Number         0  boardshut.o ABSOLUTE
    ../clib/angel/boardlib.s                 0x00000000   Number         0  boardinit1.o ABSOLUTE
    ../clib/angel/boardlib.s                 0x00000000   Number         0  boardinit3.o ABSOLUTE
    ../clib/angel/dczerorl2.s                0x00000000   Number         0  __dczerorl2.o ABSOLUTE
    ../clib/angel/handlers.s                 0x00000000   Number         0  __scatter_zi.o ABSOLUTE
    ../clib/angel/kernel.s                   0x00000000   Number         0  __rtentry2.o ABSOLUTE
    ../clib/angel/kernel.s                   0x00000000   Number         0  __rtentry4.o ABSOLUTE
    ../clib/angel/kernel.s                   0x00000000   Number         0  __rtentry.o ABSOLUTE
    ../clib/angel/kernel.s                   0x00000000   Number         0  rtexit.o ABSOLUTE
    ../clib/angel/kernel.s                   0x00000000   Number         0  rtexit2.o ABSOLUTE
    ../clib/angel/rt.s                       0x00000000   Number         0  rt_raise.o ABSOLUTE
    ../clib/angel/scatter.s                  0x00000000   Number         0  __scatter.o ABSOLUTE
    ../clib/angel/startup.s                  0x00000000   Number         0  __main.o ABSOLUTE
    ../clib/angel/sys.s                      0x00000000   Number         0  sys_stackheap_outer.o ABSOLUTE
    ../clib/angel/sys.s                      0x00000000   Number         0  use_no_semi.o ABSOLUTE
    ../clib/angel/sys.s                      0x00000000   Number         0  indicate_semi.o ABSOLUTE
    ../clib/angel/sys.s                      0x00000000   Number         0  libspace.o ABSOLUTE
    ../clib/angel/sysapp.c                   0x00000000   Number         0  sys_exit.o ABSOLUTE
    ../clib/angel/sysapp.c                   0x00000000   Number         0  sys_command.o ABSOLUTE
    ../clib/angel/sysapp.c                   0x00000000   Number         0  sys_wrch.o ABSOLUTE
    ../clib/armsys.c                         0x00000000   Number         0  _get_argv_nomalloc.o ABSOLUTE
    ../clib/armsys.c                         0x00000000   Number         0  no_argv.o ABSOLUTE
    ../clib/armsys.c                         0x00000000   Number         0  argv_veneer.o ABSOLUTE
    ../clib/armsys.c                         0x00000000   Number         0  argv_veneer.o ABSOLUTE
    ../clib/heapalloc.c                      0x00000000   Number         0  hrguard.o ABSOLUTE
    ../clib/heapaux.c                        0x00000000   Number         0  heapauxi.o ABSOLUTE
    ../clib/libinit.s                        0x00000000   Number         0  libshutdown.o ABSOLUTE
    ../clib/libinit.s                        0x00000000   Number         0  libshutdown2.o ABSOLUTE
    ../clib/libinit.s                        0x00000000   Number         0  libinit.o ABSOLUTE
    ../clib/libinit.s                        0x00000000   Number         0  libinit2.o ABSOLUTE
    ../clib/signal.c                         0x00000000   Number         0  defsig_rtmem_outer.o ABSOLUTE
    ../clib/signal.c                         0x00000000   Number         0  defsig_general.o ABSOLUTE
    ../clib/signal.c                         0x00000000   Number         0  defsig_other.o ABSOLUTE
    ../clib/signal.c                         0x00000000   Number         0  defsig_segv_inner.o ABSOLUTE
    ../clib/signal.c                         0x00000000   Number         0  defsig_cppl_inner.o ABSOLUTE
    ../clib/signal.c                         0x00000000   Number         0  defsig_pvfn_inner.o ABSOLUTE
    ../clib/signal.c                         0x00000000   Number         0  defsig_stak_inner.o ABSOLUTE
    ../clib/signal.c                         0x00000000   Number         0  defsig_rtred_inner.o ABSOLUTE
    ../clib/signal.c                         0x00000000   Number         0  defsig_fpe_inner.o ABSOLUTE
    ../clib/signal.c                         0x00000000   Number         0  defsig_abrt_inner.o ABSOLUTE
    ../clib/signal.c                         0x00000000   Number         0  __raise.o ABSOLUTE
    ../clib/signal.c                         0x00000000   Number         0  defsig_rtmem_inner.o ABSOLUTE
    ../clib/signal.c                         0x00000000   Number         0  defsig_exit.o ABSOLUTE
    ../clib/signal.c                         0x00000000   Number         0  defsig_rtmem_formal.o ABSOLUTE
    ../clib/signal.s                         0x00000000   Number         0  defsig.o ABSOLUTE
    ../clib/stdlib.c                         0x00000000   Number         0  exit.o ABSOLUTE
    ../clib/string.c                         0x00000000   Number         0  strchr.o ABSOLUTE
    ../fplib/fpinit.s                        0x00000000   Number         0  fpinit.o ABSOLUTE
    ..\Laasckp\IRCtrol.c                     0x00000000   Number         0  irctrol.o ABSOLUTE
    ..\Laasckp\delay.c                       0x00000000   Number         0  delay.o ABSOLUTE
    ..\Laasckp\interface.c                   0x00000000   Number         0  interface.o ABSOLUTE
    ..\Laasckp\led.c                         0x00000000   Number         0  led.o ABSOLUTE
    ..\Laasckp\motor.c                       0x00000000   Number         0  motor.o ABSOLUTE
    ..\Laasckp\oled_iic.c                    0x00000000   Number         0  oled_iic.o ABSOLUTE
    ..\Laasckp\speed_set.c                   0x00000000   Number         0  speed_set.o ABSOLUTE
    ..\Laasckp\timer.c                       0x00000000   Number         0  timer.o ABSOLUTE
    ..\Laasckp\uart.c                        0x00000000   Number         0  uart.o ABSOLUTE
    ..\Library\src\misc.c                    0x00000000   Number         0  misc.o ABSOLUTE
    ..\Library\src\stm32f10x_adc.c           0x00000000   Number         0  stm32f10x_adc.o ABSOLUTE
    ..\Library\src\stm32f10x_bkp.c           0x00000000   Number         0  stm32f10x_bkp.o ABSOLUTE
    ..\Library\src\stm32f10x_can.c           0x00000000   Number         0  stm32f10x_can.o ABSOLUTE
    ..\Library\src\stm32f10x_cec.c           0x00000000   Number         0  stm32f10x_cec.o ABSOLUTE
    ..\Library\src\stm32f10x_crc.c           0x00000000   Number         0  stm32f10x_crc.o ABSOLUTE
    ..\Library\src\stm32f10x_dac.c           0x00000000   Number         0  stm32f10x_dac.o ABSOLUTE
    ..\Library\src\stm32f10x_dbgmcu.c        0x00000000   Number         0  stm32f10x_dbgmcu.o ABSOLUTE
    ..\Library\src\stm32f10x_dma.c           0x00000000   Number         0  stm32f10x_dma.o ABSOLUTE
    ..\Library\src\stm32f10x_exti.c          0x00000000   Number         0  stm32f10x_exti.o ABSOLUTE
    ..\Library\src\stm32f10x_flash.c         0x00000000   Number         0  stm32f10x_flash.o ABSOLUTE
    ..\Library\src\stm32f10x_fsmc.c          0x00000000   Number         0  stm32f10x_fsmc.o ABSOLUTE
    ..\Library\src\stm32f10x_gpio.c          0x00000000   Number         0  stm32f10x_gpio.o ABSOLUTE
    ..\Library\src\stm32f10x_i2c.c           0x00000000   Number         0  stm32f10x_i2c.o ABSOLUTE
    ..\Library\src\stm32f10x_iwdg.c          0x00000000   Number         0  stm32f10x_iwdg.o ABSOLUTE
    ..\Library\src\stm32f10x_pwr.c           0x00000000   Number         0  stm32f10x_pwr.o ABSOLUTE
    ..\Library\src\stm32f10x_rcc.c           0x00000000   Number         0  stm32f10x_rcc.o ABSOLUTE
    ..\Library\src\stm32f10x_rtc.c           0x00000000   Number         0  stm32f10x_rtc.o ABSOLUTE
    ..\Library\src\stm32f10x_sdio.c          0x00000000   Number         0  stm32f10x_sdio.o ABSOLUTE
    ..\Library\src\stm32f10x_spi.c           0x00000000   Number         0  stm32f10x_spi.o ABSOLUTE
    ..\Library\src\stm32f10x_tim.c           0x00000000   Number         0  stm32f10x_tim.o ABSOLUTE
    ..\Library\src\stm32f10x_usart.c         0x00000000   Number         0  stm32f10x_usart.o ABSOLUTE
    ..\Library\src\stm32f10x_wwdg.c          0x00000000   Number         0  stm32f10x_wwdg.o ABSOLUTE
    ..\Startup\core_cm3.c                    0x00000000   Number         0  core_cm3.o ABSOLUTE
    ..\Startup\startup_stm32f10x_md.s        0x00000000   Number         0  startup_stm32f10x_md.o ABSOLUTE
    ..\Startup\system_stm32f10x.c            0x00000000   Number         0  system_stm32f10x.o ABSOLUTE
    ..\User\main.c                           0x00000000   Number         0  main.o ABSOLUTE
    ..\User\stm32f10x_it.c                   0x00000000   Number         0  stm32f10x_it.o ABSOLUTE
    ..\\Startup\\core_cm3.c                  0x00000000   Number         0  core_cm3.o ABSOLUTE
    dc.s                                     0x00000000   Number         0  dc.o ABSOLUTE
    RESET                                    0x08000000   Section      236  startup_stm32f10x_md.o(RESET)
    !!!main                                  0x080000ec   Section        8  __main.o(!!!main)
    !!!scatter                               0x080000f4   Section       52  __scatter.o(!!!scatter)
    !!dczerorl2                              0x08000128   Section       90  __dczerorl2.o(!!dczerorl2)
    !!handler_zi                             0x08000184   Section       28  __scatter_zi.o(!!handler_zi)
    .ARM.Collect$$libinit$$00000000          0x080001a0   Section        2  libinit.o(.ARM.Collect$$libinit$$00000000)
    .ARM.Collect$$libinit$$00000002          0x080001a2   Section        0  libinit2.o(.ARM.Collect$$libinit$$00000002)
    .ARM.Collect$$libinit$$00000004          0x080001a2   Section        0  libinit2.o(.ARM.Collect$$libinit$$00000004)
    .ARM.Collect$$libinit$$0000000A          0x080001a2   Section        0  libinit2.o(.ARM.Collect$$libinit$$0000000A)
    .ARM.Collect$$libinit$$0000000C          0x080001a2   Section        0  libinit2.o(.ARM.Collect$$libinit$$0000000C)
    .ARM.Collect$$libinit$$0000000E          0x080001a2   Section        0  libinit2.o(.ARM.Collect$$libinit$$0000000E)
    .ARM.Collect$$libinit$$00000011          0x080001a2   Section        0  libinit2.o(.ARM.Collect$$libinit$$00000011)
    .ARM.Collect$$libinit$$00000013          0x080001a2   Section        0  libinit2.o(.ARM.Collect$$libinit$$00000013)
    .ARM.Collect$$libinit$$00000015          0x080001a2   Section        0  libinit2.o(.ARM.Collect$$libinit$$00000015)
    .ARM.Collect$$libinit$$00000017          0x080001a2   Section        0  libinit2.o(.ARM.Collect$$libinit$$00000017)
    .ARM.Collect$$libinit$$00000019          0x080001a2   Section        0  libinit2.o(.ARM.Collect$$libinit$$00000019)
    .ARM.Collect$$libinit$$0000001B          0x080001a2   Section        0  libinit2.o(.ARM.Collect$$libinit$$0000001B)
    .ARM.Collect$$libinit$$0000001D          0x080001a2   Section        0  libinit2.o(.ARM.Collect$$libinit$$0000001D)
    .ARM.Collect$$libinit$$0000001F          0x080001a2   Section        0  libinit2.o(.ARM.Collect$$libinit$$0000001F)
    .ARM.Collect$$libinit$$00000021          0x080001a2   Section        0  libinit2.o(.ARM.Collect$$libinit$$00000021)
    .ARM.Collect$$libinit$$00000023          0x080001a2   Section        0  libinit2.o(.ARM.Collect$$libinit$$00000023)
    .ARM.Collect$$libinit$$00000025          0x080001a2   Section        0  libinit2.o(.ARM.Collect$$libinit$$00000025)
    .ARM.Collect$$libinit$$0000002C          0x080001a2   Section        0  libinit2.o(.ARM.Collect$$libinit$$0000002C)
    .ARM.Collect$$libinit$$0000002E          0x080001a2   Section        0  libinit2.o(.ARM.Collect$$libinit$$0000002E)
    .ARM.Collect$$libinit$$00000030          0x080001a2   Section        0  libinit2.o(.ARM.Collect$$libinit$$00000030)
    .ARM.Collect$$libinit$$00000032          0x080001a2   Section        0  libinit2.o(.ARM.Collect$$libinit$$00000032)
    .ARM.Collect$$libinit$$00000033          0x080001a2   Section        2  libinit2.o(.ARM.Collect$$libinit$$00000033)
    .ARM.Collect$$libshutdown$$00000000      0x080001a4   Section        2  libshutdown.o(.ARM.Collect$$libshutdown$$00000000)
    .ARM.Collect$$libshutdown$$00000002      0x080001a6   Section        0  libshutdown2.o(.ARM.Collect$$libshutdown$$00000002)
    .ARM.Collect$$libshutdown$$00000004      0x080001a6   Section        0  libshutdown2.o(.ARM.Collect$$libshutdown$$00000004)
    .ARM.Collect$$libshutdown$$00000006      0x080001a6   Section        0  libshutdown2.o(.ARM.Collect$$libshutdown$$00000006)
    .ARM.Collect$$libshutdown$$00000009      0x080001a6   Section        0  libshutdown2.o(.ARM.Collect$$libshutdown$$00000009)
    .ARM.Collect$$libshutdown$$0000000C      0x080001a6   Section        0  libshutdown2.o(.ARM.Collect$$libshutdown$$0000000C)
    .ARM.Collect$$libshutdown$$0000000E      0x080001a6   Section        0  libshutdown2.o(.ARM.Collect$$libshutdown$$0000000E)
    .ARM.Collect$$libshutdown$$00000011      0x080001a6   Section        0  libshutdown2.o(.ARM.Collect$$libshutdown$$00000011)
    .ARM.Collect$$libshutdown$$00000012      0x080001a6   Section        2  libshutdown2.o(.ARM.Collect$$libshutdown$$00000012)
    .ARM.Collect$$rtentry$$00000000          0x080001a8   Section        0  __rtentry.o(.ARM.Collect$$rtentry$$00000000)
    .ARM.Collect$$rtentry$$00000002          0x080001a8   Section        0  __rtentry2.o(.ARM.Collect$$rtentry$$00000002)
    .ARM.Collect$$rtentry$$00000004          0x080001a8   Section        6  __rtentry4.o(.ARM.Collect$$rtentry$$00000004)
    .ARM.Collect$$rtentry$$00000009          0x080001ae   Section        0  __rtentry2.o(.ARM.Collect$$rtentry$$00000009)
    .ARM.Collect$$rtentry$$0000000A          0x080001ae   Section        4  __rtentry2.o(.ARM.Collect$$rtentry$$0000000A)
    .ARM.Collect$$rtentry$$0000000C          0x080001b2   Section        0  __rtentry2.o(.ARM.Collect$$rtentry$$0000000C)
    .ARM.Collect$$rtentry$$0000000D          0x080001b2   Section        8  __rtentry2.o(.ARM.Collect$$rtentry$$0000000D)
    .ARM.Collect$$rtexit$$00000000           0x080001ba   Section        2  rtexit.o(.ARM.Collect$$rtexit$$00000000)
    .ARM.Collect$$rtexit$$00000002           0x080001bc   Section        0  rtexit2.o(.ARM.Collect$$rtexit$$00000002)
    .ARM.Collect$$rtexit$$00000003           0x080001bc   Section        4  rtexit2.o(.ARM.Collect$$rtexit$$00000003)
    .ARM.Collect$$rtexit$$00000004           0x080001c0   Section        6  rtexit2.o(.ARM.Collect$$rtexit$$00000004)
    .text                                    0x080001c8   Section       64  startup_stm32f10x_md.o(.text)
    .text                                    0x08000208   Section        0  strchr.o(.text)
    .text                                    0x0800021c   Section        0  heapauxi.o(.text)
    .text                                    0x08000222   Section       74  sys_stackheap_outer.o(.text)
    .text                                    0x0800026c   Section        0  exit.o(.text)
    .text                                    0x08000280   Section        8  libspace.o(.text)
    .text                                    0x08000288   Section        0  sys_exit.o(.text)
    .text                                    0x08000294   Section        2  use_no_semi.o(.text)
    .text                                    0x08000296   Section        0  indicate_semi.o(.text)
    i.BusFault_Handler                       0x08000296   Section        0  stm32f10x_it.o(i.BusFault_Handler)
    i.CarBack                                0x0800029c   Section        0  motor.o(i.CarBack)
    i.CarGo                                  0x080002d8   Section        0  motor.o(i.CarGo)
    i.CarLeft                                0x08000314   Section        0  motor.o(i.CarLeft)
    i.CarMove                                0x0800034c   Section        0  motor.o(i.CarMove)
    i.CarRight                               0x08000574   Section        0  motor.o(i.CarRight)
    i.CarStop                                0x080005b4   Section        0  motor.o(i.CarStop)
    i.DebugMon_Handler                       0x080005d8   Section        0  stm32f10x_it.o(i.DebugMon_Handler)
    i.DelayIr                                0x080005da   Section        0  irctrol.o(i.DelayIr)
    i.DelayUs                                0x080005f4   Section        0  irctrol.o(i.DelayUs)
    i.EXTI15_10_IRQHandler                   0x08000628   Section        0  stm32f10x_it.o(i.EXTI15_10_IRQHandler)
    i.EXTI_ClearITPendingBit                 0x08000648   Section        0  stm32f10x_exti.o(i.EXTI_ClearITPendingBit)
    i.EXTI_GetITStatus                       0x08000654   Section        0  stm32f10x_exti.o(i.EXTI_GetITStatus)
    i.EXTI_Init                              0x0800067c   Section        0  stm32f10x_exti.o(i.EXTI_Init)
    i.GB16_NUM                               0x08000710   Section        0  oled_iic.o(i.GB16_NUM)
    i.GPIOCLK_Init                           0x08000728   Section        0  interface.o(i.GPIOCLK_Init)
    i.GPIO_EXTILineConfig                    0x08000744   Section        0  stm32f10x_gpio.o(i.GPIO_EXTILineConfig)
    i.GPIO_Init                              0x08000784   Section        0  stm32f10x_gpio.o(i.GPIO_Init)
    i.GPIO_ReadInputDataBit                  0x0800089a   Section        0  stm32f10x_gpio.o(i.GPIO_ReadInputDataBit)
    i.GPIO_ResetBits                         0x080008ac   Section        0  stm32f10x_gpio.o(i.GPIO_ResetBits)
    i.GPIO_SetBits                           0x080008b0   Section        0  stm32f10x_gpio.o(i.GPIO_SetBits)
    i.HardFault_Handler                      0x080008b4   Section        0  stm32f10x_it.o(i.HardFault_Handler)
    i.IIC_Delay                              0x080008b8   Section        0  oled_iic.o(i.IIC_Delay)
    IIC_Delay                                0x080008b9   Thumb Code    14  oled_iic.o(i.IIC_Delay)
    i.IIC_GPIO_Config                        0x080008c8   Section        0  oled_iic.o(i.IIC_GPIO_Config)
    i.IIC_Start                              0x08000904   Section        0  oled_iic.o(i.IIC_Start)
    i.IIC_Stop                               0x08000938   Section        0  oled_iic.o(i.IIC_Stop)
    i.IIC_WaitAck                            0x0800095c   Section        0  oled_iic.o(i.IIC_WaitAck)
    i.IRCtrolInit                            0x080009a0   Section        0  irctrol.o(i.IRCtrolInit)
    i.IRIntIsr                               0x08000a14   Section        0  irctrol.o(i.IRIntIsr)
    i.MemManage_Handler                      0x08000af8   Section        0  stm32f10x_it.o(i.MemManage_Handler)
    i.MotorGPIO_Configuration                0x08000afc   Section        0  motor.o(i.MotorGPIO_Configuration)
    i.NMI_Handler                            0x08000b84   Section        0  stm32f10x_it.o(i.NMI_Handler)
    i.NVIC_Init                              0x08000b88   Section        0  misc.o(i.NVIC_Init)
    i.NVIC_PriorityGroupConfig               0x08000bf8   Section        0  misc.o(i.NVIC_PriorityGroupConfig)
    i.NVIC_TIM2Configuration                 0x08000c0c   Section        0  timer.o(i.NVIC_TIM2Configuration)
    NVIC_TIM2Configuration                   0x08000c0d   Thumb Code    32  timer.o(i.NVIC_TIM2Configuration)
    i.OLED_Clear                             0x08000c2c   Section        0  oled_iic.o(i.OLED_Clear)
    i.OLED_Fill                              0x08000c36   Section        0  oled_iic.o(i.OLED_Fill)
    i.OLED_Init                              0x08000c70   Section        0  oled_iic.o(i.OLED_Init)
    i.OLED_Set_Pos                           0x08000d28   Section        0  oled_iic.o(i.OLED_Set_Pos)
    i.OLED_ShowCH                            0x08000d58   Section        0  oled_iic.o(i.OLED_ShowCH)
    i.OLED_ShowChar                          0x08000e88   Section        0  oled_iic.o(i.OLED_ShowChar)
    i.OLED_ShowNum                           0x08000ef4   Section        0  oled_iic.o(i.OLED_ShowNum)
    i.PendSV_Handler                         0x08000f84   Section        0  stm32f10x_it.o(i.PendSV_Handler)
    i.RCC_APB1PeriphClockCmd                 0x08000f88   Section        0  stm32f10x_rcc.o(i.RCC_APB1PeriphClockCmd)
    i.RCC_APB2PeriphClockCmd                 0x08000fa8   Section        0  stm32f10x_rcc.o(i.RCC_APB2PeriphClockCmd)
    i.RCC_GetClocksFreq                      0x08000fc8   Section        0  stm32f10x_rcc.o(i.RCC_GetClocksFreq)
    i.SVC_Handler                            0x0800109c   Section        0  stm32f10x_it.o(i.SVC_Handler)
    i.SetSysClock                            0x0800109e   Section        0  system_stm32f10x.o(i.SetSysClock)
    SetSysClock                              0x0800109f   Thumb Code     8  system_stm32f10x.o(i.SetSysClock)
    i.SetSysClockTo72                        0x080010a8   Section        0  system_stm32f10x.o(i.SetSysClockTo72)
    SetSysClockTo72                          0x080010a9   Thumb Code   214  system_stm32f10x.o(i.SetSysClockTo72)
    i.SysTick_Handler                        0x08001188   Section        0  stm32f10x_it.o(i.SysTick_Handler)
    i.SystemInit                             0x0800118c   Section        0  system_stm32f10x.o(i.SystemInit)
    i.TIM2_IRQHandler                        0x080011ec   Section        0  timer.o(i.TIM2_IRQHandler)
    i.TIM2_Init                              0x08001268   Section        0  timer.o(i.TIM2_Init)
    i.TIM_ClearITPendingBit                  0x080012b2   Section        0  stm32f10x_tim.o(i.TIM_ClearITPendingBit)
    i.TIM_Cmd                                0x080012b8   Section        0  stm32f10x_tim.o(i.TIM_Cmd)
    i.TIM_GetCounter                         0x080012d0   Section        0  stm32f10x_tim.o(i.TIM_GetCounter)
    i.TIM_GetITStatus                        0x080012d6   Section        0  stm32f10x_tim.o(i.TIM_GetITStatus)
    i.TIM_ITConfig                           0x080012f8   Section        0  stm32f10x_tim.o(i.TIM_ITConfig)
    i.TIM_SetCounter                         0x0800130a   Section        0  stm32f10x_tim.o(i.TIM_SetCounter)
    i.TIM_TimeBaseInit                       0x08001310   Section        0  stm32f10x_tim.o(i.TIM_TimeBaseInit)
    i.Time3Init                              0x080013b4   Section        0  irctrol.o(i.Time3Init)
    i.USART2Conf                             0x080013e0   Section        0  uart.o(i.USART2Conf)
    i.USART2_IRQHandler                      0x0800148c   Section        0  uart.o(i.USART2_IRQHandler)
    i.USART3Conf                             0x08001504   Section        0  uart.o(i.USART3Conf)
    i.USART3_IRQHandler                      0x080015b4   Section        0  uart.o(i.USART3_IRQHandler)
    i.USART_ClearFlag                        0x0800162c   Section        0  stm32f10x_usart.o(i.USART_ClearFlag)
    i.USART_ClearITPendingBit                0x0800163e   Section        0  stm32f10x_usart.o(i.USART_ClearITPendingBit)
    i.USART_Cmd                              0x0800165c   Section        0  stm32f10x_usart.o(i.USART_Cmd)
    i.USART_GetITStatus                      0x08001674   Section        0  stm32f10x_usart.o(i.USART_GetITStatus)
    i.USART_ITConfig                         0x080016c8   Section        0  stm32f10x_usart.o(i.USART_ITConfig)
    i.USART_Init                             0x08001714   Section        0  stm32f10x_usart.o(i.USART_Init)
    i.USART_ReceiveData                      0x080017ec   Section        0  stm32f10x_usart.o(i.USART_ReceiveData)
    i.UsageFault_Handler                     0x080017f6   Section        0  stm32f10x_it.o(i.UsageFault_Handler)
    i.Write_IIC_Byte                         0x080017fc   Section        0  oled_iic.o(i.Write_IIC_Byte)
    i.Write_IIC_Command                      0x08001854   Section        0  oled_iic.o(i.Write_IIC_Command)
    i.Write_IIC_Data                         0x08001880   Section        0  oled_iic.o(i.Write_IIC_Data)
    i.all_init                               0x080018ac   Section        0  interface.o(i.all_init)
    i.decode_choice                          0x08001928   Section        0  interface.o(i.decode_choice)
    i.delay_init                             0x080019d8   Section        0  delay.o(i.delay_init)
    i.led_init                               0x080019ec   Section        0  led.o(i.led_init)
    i.led_toggle                             0x08001a1c   Section        0  led.o(i.led_toggle)
    i.main                                   0x08001a2c   Section        0  main.o(i.main)
    i.motor_init                             0x08001a44   Section        0  motor.o(i.motor_init)
    i.oled_pow                               0x08001a50   Section        0  oled_iic.o(i.oled_pow)
    i.speed_and                              0x08001a68   Section        0  speed_set.o(i.speed_and)
    i.speed_set_display_execute              0x08001a84   Section        0  speed_set.o(i.speed_set_display_execute)
    i.speed_subtract                         0x08001ae8   Section        0  speed_set.o(i.speed_subtract)
    i.stop_choice                            0x08001b14   Section        0  interface.o(i.stop_choice)
    i.stop_display_execute                   0x08001b68   Section        0  motor.o(i.stop_display_execute)
    .data                                    0x20000000   Section        1  led.o(.data)
    .data                                    0x20000001   Section        7  irctrol.o(.data)
    .data                                    0x20000008   Section       24  motor.o(.data)
    .data                                    0x20000020   Section     4484  oled_iic.o(.data)
    .data                                    0x200011a4   Section        3  speed_set.o(.data)
    .data                                    0x200011a7   Section        3  timer.o(.data)
    .data                                    0x200011aa   Section        2  uart.o(.data)
    .data                                    0x200011ac   Section       20  stm32f10x_rcc.o(.data)
    APBAHBPrescTable                         0x200011ac   Data          16  stm32f10x_rcc.o(.data)
    ADCPrescTable                            0x200011bc   Data           4  stm32f10x_rcc.o(.data)
    .bss                                     0x200011c0   Section       96  libspace.o(.bss)
    HEAP                                     0x20001220   Section      512  startup_stm32f10x_md.o(HEAP)
    Heap_Mem                                 0x20001220   Data         512  startup_stm32f10x_md.o(HEAP)
    STACK                                    0x20001420   Section     1024  startup_stm32f10x_md.o(STACK)
    Stack_Mem                                0x20001420   Data        1024  startup_stm32f10x_md.o(STACK)
    __initial_sp                             0x20001820   Data           0  startup_stm32f10x_md.o(STACK)

    Global Symbols

    Symbol Name                              Value     Ov Type        Size  Object(Section)

    BuildAttributes$$THM_ISAv4$P$D$K$B$S$PE$A:L22UL41UL21$X:L11$S22US41US21$IEEE1$IW$USESV6$~STKCKD$USESV7$~SHL$OSPACE$ROPI$EBA8$UX$STANDARDLIB$REQ8$PRES8$EABIv2 0x00000000   Number         0  anon$$obj.o ABSOLUTE
    __ARM_use_no_argv                        0x00000000   Number         0  main.o ABSOLUTE
    __ARM_exceptions_init                     - Undefined Weak Reference
    __alloca_initialize                       - Undefined Weak Reference
    __arm_fini_                               - Undefined Weak Reference
    __arm_preinit_                            - Undefined Weak Reference
    __cpp_initialize__aeabi_                  - Undefined Weak Reference
    __cxa_finalize                            - Undefined Weak Reference
    __rt_locale                               - Undefined Weak Reference
    __sigvec_lookup                           - Undefined Weak Reference
    _atexit_init                              - Undefined Weak Reference
    _call_atexit_fns                          - Undefined Weak Reference
    _clock_init                               - Undefined Weak Reference
    _fp_trap_init                             - Undefined Weak Reference
    _fp_trap_shutdown                         - Undefined Weak Reference
    _get_lc_collate                           - Undefined Weak Reference
    _get_lc_ctype                             - Undefined Weak Reference
    _get_lc_monetary                          - Undefined Weak Reference
    _get_lc_numeric                           - Undefined Weak Reference
    _get_lc_time                              - Undefined Weak Reference
    _getenv_init                              - Undefined Weak Reference
    _handle_redirection                       - Undefined Weak Reference
    _init_alloc                               - Undefined Weak Reference
    _init_user_alloc                          - Undefined Weak Reference
    _initio                                   - Undefined Weak Reference
    _rand_init                                - Undefined Weak Reference
    _signal_finish                            - Undefined Weak Reference
    _signal_init                              - Undefined Weak Reference
    _terminate_alloc                          - Undefined Weak Reference
    _terminate_user_alloc                     - Undefined Weak Reference
    _terminateio                              - Undefined Weak Reference
    __Vectors_Size                           0x000000ec   Number         0  startup_stm32f10x_md.o ABSOLUTE
    __Vectors                                0x08000000   Data           4  startup_stm32f10x_md.o(RESET)
    __Vectors_End                            0x080000ec   Data           0  startup_stm32f10x_md.o(RESET)
    __main                                   0x080000ed   Thumb Code     8  __main.o(!!!main)
    __scatterload                            0x080000f5   Thumb Code     0  __scatter.o(!!!scatter)
    __scatterload_rt2                        0x080000f5   Thumb Code    44  __scatter.o(!!!scatter)
    __scatterload_rt2_thumb_only             0x080000f5   Thumb Code     0  __scatter.o(!!!scatter)
    __scatterload_null                       0x08000103   Thumb Code     0  __scatter.o(!!!scatter)
    __decompress                             0x08000129   Thumb Code    90  __dczerorl2.o(!!dczerorl2)
    __decompress1                            0x08000129   Thumb Code     0  __dczerorl2.o(!!dczerorl2)
    __scatterload_zeroinit                   0x08000185   Thumb Code    28  __scatter_zi.o(!!handler_zi)
    __rt_lib_init                            0x080001a1   Thumb Code     0  libinit.o(.ARM.Collect$$libinit$$00000000)
    __rt_lib_init_alloca_1                   0x080001a3   Thumb Code     0  libinit2.o(.ARM.Collect$$libinit$$0000002E)
    __rt_lib_init_argv_1                     0x080001a3   Thumb Code     0  libinit2.o(.ARM.Collect$$libinit$$0000002C)
    __rt_lib_init_atexit_1                   0x080001a3   Thumb Code     0  libinit2.o(.ARM.Collect$$libinit$$0000001B)
    __rt_lib_init_clock_1                    0x080001a3   Thumb Code     0  libinit2.o(.ARM.Collect$$libinit$$00000021)
    __rt_lib_init_cpp_1                      0x080001a3   Thumb Code     0  libinit2.o(.ARM.Collect$$libinit$$00000032)
    __rt_lib_init_exceptions_1               0x080001a3   Thumb Code     0  libinit2.o(.ARM.Collect$$libinit$$00000030)
    __rt_lib_init_fp_1                       0x080001a3   Thumb Code     0  libinit2.o(.ARM.Collect$$libinit$$00000002)
    __rt_lib_init_fp_trap_1                  0x080001a3   Thumb Code     0  libinit2.o(.ARM.Collect$$libinit$$0000001F)
    __rt_lib_init_getenv_1                   0x080001a3   Thumb Code     0  libinit2.o(.ARM.Collect$$libinit$$00000023)
    __rt_lib_init_heap_1                     0x080001a3   Thumb Code     0  libinit2.o(.ARM.Collect$$libinit$$0000000A)
    __rt_lib_init_lc_collate_1               0x080001a3   Thumb Code     0  libinit2.o(.ARM.Collect$$libinit$$00000011)
    __rt_lib_init_lc_ctype_1                 0x080001a3   Thumb Code     0  libinit2.o(.ARM.Collect$$libinit$$00000013)
    __rt_lib_init_lc_monetary_1              0x080001a3   Thumb Code     0  libinit2.o(.ARM.Collect$$libinit$$00000015)
    __rt_lib_init_lc_numeric_1               0x080001a3   Thumb Code     0  libinit2.o(.ARM.Collect$$libinit$$00000017)
    __rt_lib_init_lc_time_1                  0x080001a3   Thumb Code     0  libinit2.o(.ARM.Collect$$libinit$$00000019)
    __rt_lib_init_preinit_1                  0x080001a3   Thumb Code     0  libinit2.o(.ARM.Collect$$libinit$$00000004)
    __rt_lib_init_rand_1                     0x080001a3   Thumb Code     0  libinit2.o(.ARM.Collect$$libinit$$0000000E)
    __rt_lib_init_return                     0x080001a3   Thumb Code     0  libinit2.o(.ARM.Collect$$libinit$$00000033)
    __rt_lib_init_signal_1                   0x080001a3   Thumb Code     0  libinit2.o(.ARM.Collect$$libinit$$0000001D)
    __rt_lib_init_stdio_1                    0x080001a3   Thumb Code     0  libinit2.o(.ARM.Collect$$libinit$$00000025)
    __rt_lib_init_user_alloc_1               0x080001a3   Thumb Code     0  libinit2.o(.ARM.Collect$$libinit$$0000000C)
    __rt_lib_shutdown                        0x080001a5   Thumb Code     0  libshutdown.o(.ARM.Collect$$libshutdown$$00000000)
    __rt_lib_shutdown_cpp_1                  0x080001a7   Thumb Code     0  libshutdown2.o(.ARM.Collect$$libshutdown$$00000004)
    __rt_lib_shutdown_fini_1                 0x080001a7   Thumb Code     0  libshutdown2.o(.ARM.Collect$$libshutdown$$00000002)
    __rt_lib_shutdown_fp_trap_1              0x080001a7   Thumb Code     0  libshutdown2.o(.ARM.Collect$$libshutdown$$00000009)
    __rt_lib_shutdown_heap_1                 0x080001a7   Thumb Code     0  libshutdown2.o(.ARM.Collect$$libshutdown$$00000011)
    __rt_lib_shutdown_return                 0x080001a7   Thumb Code     0  libshutdown2.o(.ARM.Collect$$libshutdown$$00000012)
    __rt_lib_shutdown_signal_1               0x080001a7   Thumb Code     0  libshutdown2.o(.ARM.Collect$$libshutdown$$0000000C)
    __rt_lib_shutdown_stdio_1                0x080001a7   Thumb Code     0  libshutdown2.o(.ARM.Collect$$libshutdown$$00000006)
    __rt_lib_shutdown_user_alloc_1           0x080001a7   Thumb Code     0  libshutdown2.o(.ARM.Collect$$libshutdown$$0000000E)
    __rt_entry                               0x080001a9   Thumb Code     0  __rtentry.o(.ARM.Collect$$rtentry$$00000000)
    __rt_entry_presh_1                       0x080001a9   Thumb Code     0  __rtentry2.o(.ARM.Collect$$rtentry$$00000002)
    __rt_entry_sh                            0x080001a9   Thumb Code     0  __rtentry4.o(.ARM.Collect$$rtentry$$00000004)
    __rt_entry_li                            0x080001af   Thumb Code     0  __rtentry2.o(.ARM.Collect$$rtentry$$0000000A)
    __rt_entry_postsh_1                      0x080001af   Thumb Code     0  __rtentry2.o(.ARM.Collect$$rtentry$$00000009)
    __rt_entry_main                          0x080001b3   Thumb Code     0  __rtentry2.o(.ARM.Collect$$rtentry$$0000000D)
    __rt_entry_postli_1                      0x080001b3   Thumb Code     0  __rtentry2.o(.ARM.Collect$$rtentry$$0000000C)
    __rt_exit                                0x080001bb   Thumb Code     0  rtexit.o(.ARM.Collect$$rtexit$$00000000)
    __rt_exit_ls                             0x080001bd   Thumb Code     0  rtexit2.o(.ARM.Collect$$rtexit$$00000003)
    __rt_exit_prels_1                        0x080001bd   Thumb Code     0  rtexit2.o(.ARM.Collect$$rtexit$$00000002)
    __rt_exit_exit                           0x080001c1   Thumb Code     0  rtexit2.o(.ARM.Collect$$rtexit$$00000004)
    Reset_Handler                            0x080001c9   Thumb Code     8  startup_stm32f10x_md.o(.text)
    ADC1_2_IRQHandler                        0x080001e3   Thumb Code     0  startup_stm32f10x_md.o(.text)
    CAN1_RX1_IRQHandler                      0x080001e3   Thumb Code     0  startup_stm32f10x_md.o(.text)
    CAN1_SCE_IRQHandler                      0x080001e3   Thumb Code     0  startup_stm32f10x_md.o(.text)
    DMA1_Channel1_IRQHandler                 0x080001e3   Thumb Code     0  startup_stm32f10x_md.o(.text)
    DMA1_Channel2_IRQHandler                 0x080001e3   Thumb Code     0  startup_stm32f10x_md.o(.text)
    DMA1_Channel3_IRQHandler                 0x080001e3   Thumb Code     0  startup_stm32f10x_md.o(.text)
    DMA1_Channel4_IRQHandler                 0x080001e3   Thumb Code     0  startup_stm32f10x_md.o(.text)
    DMA1_Channel5_IRQHandler                 0x080001e3   Thumb Code     0  startup_stm32f10x_md.o(.text)
    DMA1_Channel6_IRQHandler                 0x080001e3   Thumb Code     0  startup_stm32f10x_md.o(.text)
    DMA1_Channel7_IRQHandler                 0x080001e3   Thumb Code     0  startup_stm32f10x_md.o(.text)
    EXTI0_IRQHandler                         0x080001e3   Thumb Code     0  startup_stm32f10x_md.o(.text)
    EXTI1_IRQHandler                         0x080001e3   Thumb Code     0  startup_stm32f10x_md.o(.text)
    EXTI2_IRQHandler                         0x080001e3   Thumb Code     0  startup_stm32f10x_md.o(.text)
    EXTI3_IRQHandler                         0x080001e3   Thumb Code     0  startup_stm32f10x_md.o(.text)
    EXTI4_IRQHandler                         0x080001e3   Thumb Code     0  startup_stm32f10x_md.o(.text)
    EXTI9_5_IRQHandler                       0x080001e3   Thumb Code     0  startup_stm32f10x_md.o(.text)
    FLASH_IRQHandler                         0x080001e3   Thumb Code     0  startup_stm32f10x_md.o(.text)
    I2C1_ER_IRQHandler                       0x080001e3   Thumb Code     0  startup_stm32f10x_md.o(.text)
    I2C1_EV_IRQHandler                       0x080001e3   Thumb Code     0  startup_stm32f10x_md.o(.text)
    I2C2_ER_IRQHandler                       0x080001e3   Thumb Code     0  startup_stm32f10x_md.o(.text)
    I2C2_EV_IRQHandler                       0x080001e3   Thumb Code     0  startup_stm32f10x_md.o(.text)
    PVD_IRQHandler                           0x080001e3   Thumb Code     0  startup_stm32f10x_md.o(.text)
    RCC_IRQHandler                           0x080001e3   Thumb Code     0  startup_stm32f10x_md.o(.text)
    RTCAlarm_IRQHandler                      0x080001e3   Thumb Code     0  startup_stm32f10x_md.o(.text)
    RTC_IRQHandler                           0x080001e3   Thumb Code     0  startup_stm32f10x_md.o(.text)
    SPI1_IRQHandler                          0x080001e3   Thumb Code     0  startup_stm32f10x_md.o(.text)
    SPI2_IRQHandler                          0x080001e3   Thumb Code     0  startup_stm32f10x_md.o(.text)
    TAMPER_IRQHandler                        0x080001e3   Thumb Code     0  startup_stm32f10x_md.o(.text)
    TIM1_BRK_IRQHandler                      0x080001e3   Thumb Code     0  startup_stm32f10x_md.o(.text)
    TIM1_CC_IRQHandler                       0x080001e3   Thumb Code     0  startup_stm32f10x_md.o(.text)
    TIM1_TRG_COM_IRQHandler                  0x080001e3   Thumb Code     0  startup_stm32f10x_md.o(.text)
    TIM1_UP_IRQHandler                       0x080001e3   Thumb Code     0  startup_stm32f10x_md.o(.text)
    TIM3_IRQHandler                          0x080001e3   Thumb Code     0  startup_stm32f10x_md.o(.text)
    TIM4_IRQHandler                          0x080001e3   Thumb Code     0  startup_stm32f10x_md.o(.text)
    USART1_IRQHandler                        0x080001e3   Thumb Code     0  startup_stm32f10x_md.o(.text)
    USBWakeUp_IRQHandler                     0x080001e3   Thumb Code     0  startup_stm32f10x_md.o(.text)
    USB_HP_CAN1_TX_IRQHandler                0x080001e3   Thumb Code     0  startup_stm32f10x_md.o(.text)
    USB_LP_CAN1_RX0_IRQHandler               0x080001e3   Thumb Code     0  startup_stm32f10x_md.o(.text)
    WWDG_IRQHandler                          0x080001e3   Thumb Code     0  startup_stm32f10x_md.o(.text)
    __user_initial_stackheap                 0x080001e5   Thumb Code     0  startup_stm32f10x_md.o(.text)
    strchr                                   0x08000209   Thumb Code    20  strchr.o(.text)
    __use_two_region_memory                  0x0800021d   Thumb Code     2  heapauxi.o(.text)
    __rt_heap_escrow$2region                 0x0800021f   Thumb Code     2  heapauxi.o(.text)
    __rt_heap_expand$2region                 0x08000221   Thumb Code     2  heapauxi.o(.text)
    __user_setup_stackheap                   0x08000223   Thumb Code    74  sys_stackheap_outer.o(.text)
    exit                                     0x0800026d   Thumb Code    18  exit.o(.text)
    __user_libspace                          0x08000281   Thumb Code     8  libspace.o(.text)
    __user_perproc_libspace                  0x08000281   Thumb Code     0  libspace.o(.text)
    __user_perthread_libspace                0x08000281   Thumb Code     0  libspace.o(.text)
    _sys_exit                                0x08000289   Thumb Code     8  sys_exit.o(.text)
    __I$use$semihosting                      0x08000295   Thumb Code     0  use_no_semi.o(.text)
    __use_no_semihosting_swi                 0x08000295   Thumb Code     2  use_no_semi.o(.text)
    BusFault_Handler                         0x08000297   Thumb Code     4  stm32f10x_it.o(i.BusFault_Handler)
    __semihosting_library_function           0x08000297   Thumb Code     0  indicate_semi.o(.text)
    CarBack                                  0x0800029d   Thumb Code    38  motor.o(i.CarBack)
    CarGo                                    0x080002d9   Thumb Code    38  motor.o(i.CarGo)
    CarLeft                                  0x08000315   Thumb Code    34  motor.o(i.CarLeft)
    CarMove                                  0x0800034d   Thumb Code   524  motor.o(i.CarMove)
    CarRight                                 0x08000575   Thumb Code    42  motor.o(i.CarRight)
    CarStop                                  0x080005b5   Thumb Code    20  motor.o(i.CarStop)
    DebugMon_Handler                         0x080005d9   Thumb Code     2  stm32f10x_it.o(i.DebugMon_Handler)
    DelayIr                                  0x080005db   Thumb Code    24  irctrol.o(i.DelayIr)
    DelayUs                                  0x080005f5   Thumb Code    46  irctrol.o(i.DelayUs)
    EXTI15_10_IRQHandler                     0x08000629   Thumb Code    28  stm32f10x_it.o(i.EXTI15_10_IRQHandler)
    EXTI_ClearITPendingBit                   0x08000649   Thumb Code     6  stm32f10x_exti.o(i.EXTI_ClearITPendingBit)
    EXTI_GetITStatus                         0x08000655   Thumb Code    34  stm32f10x_exti.o(i.EXTI_GetITStatus)
    EXTI_Init                                0x0800067d   Thumb Code   142  stm32f10x_exti.o(i.EXTI_Init)
    GB16_NUM                                 0x08000711   Thumb Code    18  oled_iic.o(i.GB16_NUM)
    GPIOCLK_Init                             0x08000729   Thumb Code    28  interface.o(i.GPIOCLK_Init)
    GPIO_EXTILineConfig                      0x08000745   Thumb Code    60  stm32f10x_gpio.o(i.GPIO_EXTILineConfig)
    GPIO_Init                                0x08000785   Thumb Code   278  stm32f10x_gpio.o(i.GPIO_Init)
    GPIO_ReadInputDataBit                    0x0800089b   Thumb Code    18  stm32f10x_gpio.o(i.GPIO_ReadInputDataBit)
    GPIO_ResetBits                           0x080008ad   Thumb Code     4  stm32f10x_gpio.o(i.GPIO_ResetBits)
    GPIO_SetBits                             0x080008b1   Thumb Code     4  stm32f10x_gpio.o(i.GPIO_SetBits)
    HardFault_Handler                        0x080008b5   Thumb Code     4  stm32f10x_it.o(i.HardFault_Handler)
    IIC_GPIO_Config                          0x080008c9   Thumb Code    56  oled_iic.o(i.IIC_GPIO_Config)
    IIC_Start                                0x08000905   Thumb Code    42  oled_iic.o(i.IIC_Start)
    IIC_Stop                                 0x08000939   Thumb Code    28  oled_iic.o(i.IIC_Stop)
    IIC_WaitAck                              0x0800095d   Thumb Code    56  oled_iic.o(i.IIC_WaitAck)
    IRCtrolInit                              0x080009a1   Thumb Code   112  irctrol.o(i.IRCtrolInit)
    IRIntIsr                                 0x08000a15   Thumb Code   210  irctrol.o(i.IRIntIsr)
    MemManage_Handler                        0x08000af9   Thumb Code     4  stm32f10x_it.o(i.MemManage_Handler)
    MotorGPIO_Configuration                  0x08000afd   Thumb Code   128  motor.o(i.MotorGPIO_Configuration)
    NMI_Handler                              0x08000b85   Thumb Code     2  stm32f10x_it.o(i.NMI_Handler)
    NVIC_Init                                0x08000b89   Thumb Code   100  misc.o(i.NVIC_Init)
    NVIC_PriorityGroupConfig                 0x08000bf9   Thumb Code    10  misc.o(i.NVIC_PriorityGroupConfig)
    OLED_Clear                               0x08000c2d   Thumb Code    10  oled_iic.o(i.OLED_Clear)
    OLED_Fill                                0x08000c37   Thumb Code    58  oled_iic.o(i.OLED_Fill)
    OLED_Init                                0x08000c71   Thumb Code   178  oled_iic.o(i.OLED_Init)
    OLED_Set_Pos                             0x08000d29   Thumb Code    46  oled_iic.o(i.OLED_Set_Pos)
    OLED_ShowCH                              0x08000d59   Thumb Code   284  oled_iic.o(i.OLED_ShowCH)
    OLED_ShowChar                            0x08000e89   Thumb Code   102  oled_iic.o(i.OLED_ShowChar)
    OLED_ShowNum                             0x08000ef5   Thumb Code   144  oled_iic.o(i.OLED_ShowNum)
    PendSV_Handler                           0x08000f85   Thumb Code     2  stm32f10x_it.o(i.PendSV_Handler)
    RCC_APB1PeriphClockCmd                   0x08000f89   Thumb Code    26  stm32f10x_rcc.o(i.RCC_APB1PeriphClockCmd)
    RCC_APB2PeriphClockCmd                   0x08000fa9   Thumb Code    26  stm32f10x_rcc.o(i.RCC_APB2PeriphClockCmd)
    RCC_GetClocksFreq                        0x08000fc9   Thumb Code   192  stm32f10x_rcc.o(i.RCC_GetClocksFreq)
    SVC_Handler                              0x0800109d   Thumb Code     2  stm32f10x_it.o(i.SVC_Handler)
    SysTick_Handler                          0x08001189   Thumb Code     2  stm32f10x_it.o(i.SysTick_Handler)
    SystemInit                               0x0800118d   Thumb Code    78  system_stm32f10x.o(i.SystemInit)
    TIM2_IRQHandler                          0x080011ed   Thumb Code   106  timer.o(i.TIM2_IRQHandler)
    TIM2_Init                                0x08001269   Thumb Code    74  timer.o(i.TIM2_Init)
    TIM_ClearITPendingBit                    0x080012b3   Thumb Code     6  stm32f10x_tim.o(i.TIM_ClearITPendingBit)
    TIM_Cmd                                  0x080012b9   Thumb Code    24  stm32f10x_tim.o(i.TIM_Cmd)
    TIM_GetCounter                           0x080012d1   Thumb Code     6  stm32f10x_tim.o(i.TIM_GetCounter)
    TIM_GetITStatus                          0x080012d7   Thumb Code    34  stm32f10x_tim.o(i.TIM_GetITStatus)
    TIM_ITConfig                             0x080012f9   Thumb Code    18  stm32f10x_tim.o(i.TIM_ITConfig)
    TIM_SetCounter                           0x0800130b   Thumb Code     4  stm32f10x_tim.o(i.TIM_SetCounter)
    TIM_TimeBaseInit                         0x08001311   Thumb Code   122  stm32f10x_tim.o(i.TIM_TimeBaseInit)
    Time3Init                                0x080013b5   Thumb Code    38  irctrol.o(i.Time3Init)
    USART2Conf                               0x080013e1   Thumb Code   164  uart.o(i.USART2Conf)
    USART2_IRQHandler                        0x0800148d   Thumb Code   102  uart.o(i.USART2_IRQHandler)
    USART3Conf                               0x08001505   Thumb Code   166  uart.o(i.USART3Conf)
    USART3_IRQHandler                        0x080015b5   Thumb Code   102  uart.o(i.USART3_IRQHandler)
    USART_ClearFlag                          0x0800162d   Thumb Code    18  stm32f10x_usart.o(i.USART_ClearFlag)
    USART_ClearITPendingBit                  0x0800163f   Thumb Code    30  stm32f10x_usart.o(i.USART_ClearITPendingBit)
    USART_Cmd                                0x0800165d   Thumb Code    24  stm32f10x_usart.o(i.USART_Cmd)
    USART_GetITStatus                        0x08001675   Thumb Code    84  stm32f10x_usart.o(i.USART_GetITStatus)
    USART_ITConfig                           0x080016c9   Thumb Code    74  stm32f10x_usart.o(i.USART_ITConfig)
    USART_Init                               0x08001715   Thumb Code   210  stm32f10x_usart.o(i.USART_Init)
    USART_ReceiveData                        0x080017ed   Thumb Code    10  stm32f10x_usart.o(i.USART_ReceiveData)
    UsageFault_Handler                       0x080017f7   Thumb Code     4  stm32f10x_it.o(i.UsageFault_Handler)
    Write_IIC_Byte                           0x080017fd   Thumb Code    80  oled_iic.o(i.Write_IIC_Byte)
    Write_IIC_Command                        0x08001855   Thumb Code    44  oled_iic.o(i.Write_IIC_Command)
    Write_IIC_Data                           0x08001881   Thumb Code    44  oled_iic.o(i.Write_IIC_Data)
    all_init                                 0x080018ad   Thumb Code    90  interface.o(i.all_init)
    decode_choice                            0x08001929   Thumb Code   152  interface.o(i.decode_choice)
    delay_init                               0x080019d9   Thumb Code    18  delay.o(i.delay_init)
    led_init                                 0x080019ed   Thumb Code    42  led.o(i.led_init)
    led_toggle                               0x08001a1d   Thumb Code    12  led.o(i.led_toggle)
    main                                     0x08001a2d   Thumb Code    24  main.o(i.main)
    motor_init                               0x08001a45   Thumb Code    12  motor.o(i.motor_init)
    oled_pow                                 0x08001a51   Thumb Code    22  oled_iic.o(i.oled_pow)
    speed_and                                0x08001a69   Thumb Code    24  speed_set.o(i.speed_and)
    speed_set_display_execute                0x08001a85   Thumb Code    84  speed_set.o(i.speed_set_display_execute)
    speed_subtract                           0x08001ae9   Thumb Code    38  speed_set.o(i.speed_subtract)
    stop_choice                              0x08001b15   Thumb Code    72  interface.o(i.stop_choice)
    stop_display_execute                     0x08001b69   Thumb Code    70  motor.o(i.stop_display_execute)
    Region$$Table$$Base                      0x08001bd0   Number         0  anon$$obj.o(Region$$Table)
    Region$$Table$$Limit                     0x08001bf0   Number         0  anon$$obj.o(Region$$Table)
    tick_200ms                               0x20000000   Data           1  led.o(.data)
    ir_rec_flag                              0x20000001   Data           1  irctrol.o(.data)
    IRCOM                                    0x20000002   Data           4  irctrol.o(.data)
    continue_time                            0x20000006   Data           1  irctrol.o(.data)
    IrDA                                     0x20000007   Data           1  irctrol.o(.data)
    speed_count                              0x20000008   Data           4  motor.o(.data)
    move_rec_flag                            0x2000000c   Data           1  motor.o(.data)
    stop_display_flag                        0x2000000d   Data           1  motor.o(.data)
    Time_10us_motor                          0x2000000e   Data           1  motor.o(.data)
    front_left_speed_duty                    0x20000010   Data           4  motor.o(.data)
    front_right_speed_duty                   0x20000014   Data           4  motor.o(.data)
    behind_left_speed_duty                   0x20000018   Data           4  motor.o(.data)
    behind_right_speed_duty                  0x2000001c   Data           4  motor.o(.data)
    zf                                       0x20000020   Data        1520  oled_iic.o(.data)
    hz                                       0x20000610   Data        1728  oled_iic.o(.data)
    hz_index                                 0x20000cd0   Data         109  oled_iic.o(.data)
    zf_index                                 0x20000d3d   Data          96  oled_iic.o(.data)
    BMP1                                     0x20000d9d   Data        1024  oled_iic.o(.data)
    HZ                                       0x200011a0   Data           4  oled_iic.o(.data)
    sudu                                     0x200011a4   Data           1  speed_set.o(.data)
    speed_and_flag                           0x200011a5   Data           1  speed_set.o(.data)
    speed_subtract_flag                      0x200011a6   Data           1  speed_set.o(.data)
    Time_10us_sum                            0x200011a7   Data           1  timer.o(.data)
    Time_1ms                                 0x200011a8   Data           1  timer.o(.data)
    Time_5ms                                 0x200011a9   Data           1  timer.o(.data)
    BT_flag                                  0x200011aa   Data           1  uart.o(.data)
    BT                                       0x200011ab   Data           1  uart.o(.data)
    __libspace_start                         0x200011c0   Data          96  libspace.o(.bss)
    __temporary_stack_top$libspace           0x20001220   Data           0  libspace.o(.bss)



==============================================================================

Memory Map of the image

  Image Entry point : 0x080000ed

  Load Region LR_IROM1 (Base: 0x08000000, Size: 0x00002db0, Max: 0x00010000, ABSOLUTE, COMPRESSED[0x00002838])

    Execution Region ER_IROM1 (Exec base: 0x08000000, Load base: 0x08000000, Size: 0x00001bf0, Max: 0x00010000, ABSOLUTE)

    Exec Addr    Load Addr    Size         Type   Attr      Idx    E Section Name        Object

    0x08000000   0x08000000   0x000000ec   Data   RO          660    RESET               startup_stm32f10x_md.o
    0x080000ec   0x080000ec   0x00000008   Code   RO         3683  * !!!main             c_w.l(__main.o)
    0x080000f4   0x080000f4   0x00000034   Code   RO         3844    !!!scatter          c_w.l(__scatter.o)
    0x08000128   0x08000128   0x0000005a   Code   RO         3842    !!dczerorl2         c_w.l(__dczerorl2.o)
    0x08000182   0x08000182   0x00000002   PAD
    0x08000184   0x08000184   0x0000001c   Code   RO         3846    !!handler_zi        c_w.l(__scatter_zi.o)
    0x080001a0   0x080001a0   0x00000002   Code   RO         3710    .ARM.Collect$$libinit$$00000000  c_w.l(libinit.o)
    0x080001a2   0x080001a2   0x00000000   Code   RO         3717    .ARM.Collect$$libinit$$00000002  c_w.l(libinit2.o)
    0x080001a2   0x080001a2   0x00000000   Code   RO         3719    .ARM.Collect$$libinit$$00000004  c_w.l(libinit2.o)
    0x080001a2   0x080001a2   0x00000000   Code   RO         3722    .ARM.Collect$$libinit$$0000000A  c_w.l(libinit2.o)
    0x080001a2   0x080001a2   0x00000000   Code   RO         3724    .ARM.Collect$$libinit$$0000000C  c_w.l(libinit2.o)
    0x080001a2   0x080001a2   0x00000000   Code   RO         3726    .ARM.Collect$$libinit$$0000000E  c_w.l(libinit2.o)
    0x080001a2   0x080001a2   0x00000000   Code   RO         3729    .ARM.Collect$$libinit$$00000011  c_w.l(libinit2.o)
    0x080001a2   0x080001a2   0x00000000   Code   RO         3731    .ARM.Collect$$libinit$$00000013  c_w.l(libinit2.o)
    0x080001a2   0x080001a2   0x00000000   Code   RO         3733    .ARM.Collect$$libinit$$00000015  c_w.l(libinit2.o)
    0x080001a2   0x080001a2   0x00000000   Code   RO         3735    .ARM.Collect$$libinit$$00000017  c_w.l(libinit2.o)
    0x080001a2   0x080001a2   0x00000000   Code   RO         3737    .ARM.Collect$$libinit$$00000019  c_w.l(libinit2.o)
    0x080001a2   0x080001a2   0x00000000   Code   RO         3739    .ARM.Collect$$libinit$$0000001B  c_w.l(libinit2.o)
    0x080001a2   0x080001a2   0x00000000   Code   RO         3741    .ARM.Collect$$libinit$$0000001D  c_w.l(libinit2.o)
    0x080001a2   0x080001a2   0x00000000   Code   RO         3743    .ARM.Collect$$libinit$$0000001F  c_w.l(libinit2.o)
    0x080001a2   0x080001a2   0x00000000   Code   RO         3745    .ARM.Collect$$libinit$$00000021  c_w.l(libinit2.o)
    0x080001a2   0x080001a2   0x00000000   Code   RO         3747    .ARM.Collect$$libinit$$00000023  c_w.l(libinit2.o)
    0x080001a2   0x080001a2   0x00000000   Code   RO         3749    .ARM.Collect$$libinit$$00000025  c_w.l(libinit2.o)
    0x080001a2   0x080001a2   0x00000000   Code   RO         3753    .ARM.Collect$$libinit$$0000002C  c_w.l(libinit2.o)
    0x080001a2   0x080001a2   0x00000000   Code   RO         3755    .ARM.Collect$$libinit$$0000002E  c_w.l(libinit2.o)
    0x080001a2   0x080001a2   0x00000000   Code   RO         3757    .ARM.Collect$$libinit$$00000030  c_w.l(libinit2.o)
    0x080001a2   0x080001a2   0x00000000   Code   RO         3759    .ARM.Collect$$libinit$$00000032  c_w.l(libinit2.o)
    0x080001a2   0x080001a2   0x00000002   Code   RO         3760    .ARM.Collect$$libinit$$00000033  c_w.l(libinit2.o)
    0x080001a4   0x080001a4   0x00000002   Code   RO         3780    .ARM.Collect$$libshutdown$$00000000  c_w.l(libshutdown.o)
    0x080001a6   0x080001a6   0x00000000   Code   RO         3793    .ARM.Collect$$libshutdown$$00000002  c_w.l(libshutdown2.o)
    0x080001a6   0x080001a6   0x00000000   Code   RO         3795    .ARM.Collect$$libshutdown$$00000004  c_w.l(libshutdown2.o)
    0x080001a6   0x080001a6   0x00000000   Code   RO         3797    .ARM.Collect$$libshutdown$$00000006  c_w.l(libshutdown2.o)
    0x080001a6   0x080001a6   0x00000000   Code   RO         3800    .ARM.Collect$$libshutdown$$00000009  c_w.l(libshutdown2.o)
    0x080001a6   0x080001a6   0x00000000   Code   RO         3803    .ARM.Collect$$libshutdown$$0000000C  c_w.l(libshutdown2.o)
    0x080001a6   0x080001a6   0x00000000   Code   RO         3805    .ARM.Collect$$libshutdown$$0000000E  c_w.l(libshutdown2.o)
    0x080001a6   0x080001a6   0x00000000   Code   RO         3808    .ARM.Collect$$libshutdown$$00000011  c_w.l(libshutdown2.o)
    0x080001a6   0x080001a6   0x00000002   Code   RO         3809    .ARM.Collect$$libshutdown$$00000012  c_w.l(libshutdown2.o)
    0x080001a8   0x080001a8   0x00000000   Code   RO         3685    .ARM.Collect$$rtentry$$00000000  c_w.l(__rtentry.o)
    0x080001a8   0x080001a8   0x00000000   Code   RO         3687    .ARM.Collect$$rtentry$$00000002  c_w.l(__rtentry2.o)
    0x080001a8   0x080001a8   0x00000006   Code   RO         3699    .ARM.Collect$$rtentry$$00000004  c_w.l(__rtentry4.o)
    0x080001ae   0x080001ae   0x00000000   Code   RO         3689    .ARM.Collect$$rtentry$$00000009  c_w.l(__rtentry2.o)
    0x080001ae   0x080001ae   0x00000004   Code   RO         3690    .ARM.Collect$$rtentry$$0000000A  c_w.l(__rtentry2.o)
    0x080001b2   0x080001b2   0x00000000   Code   RO         3692    .ARM.Collect$$rtentry$$0000000C  c_w.l(__rtentry2.o)
    0x080001b2   0x080001b2   0x00000008   Code   RO         3693    .ARM.Collect$$rtentry$$0000000D  c_w.l(__rtentry2.o)
    0x080001ba   0x080001ba   0x00000002   Code   RO         3714    .ARM.Collect$$rtexit$$00000000  c_w.l(rtexit.o)
    0x080001bc   0x080001bc   0x00000000   Code   RO         3762    .ARM.Collect$$rtexit$$00000002  c_w.l(rtexit2.o)
    0x080001bc   0x080001bc   0x00000004   Code   RO         3763    .ARM.Collect$$rtexit$$00000003  c_w.l(rtexit2.o)
    0x080001c0   0x080001c0   0x00000006   Code   RO         3764    .ARM.Collect$$rtexit$$00000004  c_w.l(rtexit2.o)
    0x080001c6   0x080001c6   0x00000002   PAD
    0x080001c8   0x080001c8   0x00000040   Code   RO          661    .text               startup_stm32f10x_md.o
    0x08000208   0x08000208   0x00000014   Code   RO         3679    .text               c_w.l(strchr.o)
    0x0800021c   0x0800021c   0x00000006   Code   RO         3681    .text               c_w.l(heapauxi.o)
    0x08000222   0x08000222   0x0000004a   Code   RO         3701    .text               c_w.l(sys_stackheap_outer.o)
    0x0800026c   0x0800026c   0x00000012   Code   RO         3703    .text               c_w.l(exit.o)
    0x0800027e   0x0800027e   0x00000002   PAD
    0x08000280   0x08000280   0x00000008   Code   RO         3711    .text               c_w.l(libspace.o)
    0x08000288   0x08000288   0x0000000c   Code   RO         3772    .text               c_w.l(sys_exit.o)
    0x08000294   0x08000294   0x00000002   Code   RO         3783    .text               c_w.l(use_no_semi.o)
    0x08000296   0x08000296   0x00000000   Code   RO         3785    .text               c_w.l(indicate_semi.o)
    0x08000296   0x08000296   0x00000004   Code   RO          138    i.BusFault_Handler  stm32f10x_it.o
    0x0800029a   0x0800029a   0x00000002   PAD
    0x0800029c   0x0800029c   0x0000003c   Code   RO          300    i.CarBack           motor.o
    0x080002d8   0x080002d8   0x0000003c   Code   RO          301    i.CarGo             motor.o
    0x08000314   0x08000314   0x00000038   Code   RO          302    i.CarLeft           motor.o
    0x0800034c   0x0800034c   0x00000228   Code   RO          303    i.CarMove           motor.o
    0x08000574   0x08000574   0x00000040   Code   RO          304    i.CarRight          motor.o
    0x080005b4   0x080005b4   0x00000024   Code   RO          305    i.CarStop           motor.o
    0x080005d8   0x080005d8   0x00000002   Code   RO          139    i.DebugMon_Handler  stm32f10x_it.o
    0x080005da   0x080005da   0x00000018   Code   RO          258    i.DelayIr           irctrol.o
    0x080005f2   0x080005f2   0x00000002   PAD
    0x080005f4   0x080005f4   0x00000034   Code   RO          259    i.DelayUs           irctrol.o
    0x08000628   0x08000628   0x00000020   Code   RO          140    i.EXTI15_10_IRQHandler  stm32f10x_it.o
    0x08000648   0x08000648   0x0000000c   Code   RO         1508    i.EXTI_ClearITPendingBit  stm32f10x_exti.o
    0x08000654   0x08000654   0x00000028   Code   RO         1512    i.EXTI_GetITStatus  stm32f10x_exti.o
    0x0800067c   0x0800067c   0x00000094   Code   RO         1513    i.EXTI_Init         stm32f10x_exti.o
    0x08000710   0x08000710   0x00000018   Code   RO          366    i.GB16_NUM          oled_iic.o
    0x08000728   0x08000728   0x0000001c   Code   RO          204    i.GPIOCLK_Init      interface.o
    0x08000744   0x08000744   0x00000040   Code   RO         1858    i.GPIO_EXTILineConfig  stm32f10x_gpio.o
    0x08000784   0x08000784   0x00000116   Code   RO         1861    i.GPIO_Init         stm32f10x_gpio.o
    0x0800089a   0x0800089a   0x00000012   Code   RO         1865    i.GPIO_ReadInputDataBit  stm32f10x_gpio.o
    0x080008ac   0x080008ac   0x00000004   Code   RO         1868    i.GPIO_ResetBits    stm32f10x_gpio.o
    0x080008b0   0x080008b0   0x00000004   Code   RO         1869    i.GPIO_SetBits      stm32f10x_gpio.o
    0x080008b4   0x080008b4   0x00000004   Code   RO          141    i.HardFault_Handler  stm32f10x_it.o
    0x080008b8   0x080008b8   0x0000000e   Code   RO          367    i.IIC_Delay         oled_iic.o
    0x080008c6   0x080008c6   0x00000002   PAD
    0x080008c8   0x080008c8   0x0000003c   Code   RO          368    i.IIC_GPIO_Config   oled_iic.o
    0x08000904   0x08000904   0x00000034   Code   RO          369    i.IIC_Start         oled_iic.o
    0x08000938   0x08000938   0x00000024   Code   RO          370    i.IIC_Stop          oled_iic.o
    0x0800095c   0x0800095c   0x00000044   Code   RO          371    i.IIC_WaitAck       oled_iic.o
    0x080009a0   0x080009a0   0x00000074   Code   RO          260    i.IRCtrolInit       irctrol.o
    0x08000a14   0x08000a14   0x000000e4   Code   RO          261    i.IRIntIsr          irctrol.o
    0x08000af8   0x08000af8   0x00000004   Code   RO          142    i.MemManage_Handler  stm32f10x_it.o
    0x08000afc   0x08000afc   0x00000088   Code   RO          306    i.MotorGPIO_Configuration  motor.o
    0x08000b84   0x08000b84   0x00000002   Code   RO          143    i.NMI_Handler       stm32f10x_it.o
    0x08000b86   0x08000b86   0x00000002   PAD
    0x08000b88   0x08000b88   0x00000070   Code   RO          710    i.NVIC_Init         misc.o
    0x08000bf8   0x08000bf8   0x00000014   Code   RO          711    i.NVIC_PriorityGroupConfig  misc.o
    0x08000c0c   0x08000c0c   0x00000020   Code   RO          530    i.NVIC_TIM2Configuration  timer.o
    0x08000c2c   0x08000c2c   0x0000000a   Code   RO          372    i.OLED_Clear        oled_iic.o
    0x08000c36   0x08000c36   0x0000003a   Code   RO          374    i.OLED_Fill         oled_iic.o
    0x08000c70   0x08000c70   0x000000b8   Code   RO          375    i.OLED_Init         oled_iic.o
    0x08000d28   0x08000d28   0x0000002e   Code   RO          378    i.OLED_Set_Pos      oled_iic.o
    0x08000d56   0x08000d56   0x00000002   PAD
    0x08000d58   0x08000d58   0x00000130   Code   RO          379    i.OLED_ShowCH       oled_iic.o
    0x08000e88   0x08000e88   0x0000006c   Code   RO          380    i.OLED_ShowChar     oled_iic.o
    0x08000ef4   0x08000ef4   0x00000090   Code   RO          381    i.OLED_ShowNum      oled_iic.o
    0x08000f84   0x08000f84   0x00000002   Code   RO          144    i.PendSV_Handler    stm32f10x_it.o
    0x08000f86   0x08000f86   0x00000002   PAD
    0x08000f88   0x08000f88   0x00000020   Code   RO         2277    i.RCC_APB1PeriphClockCmd  stm32f10x_rcc.o
    0x08000fa8   0x08000fa8   0x00000020   Code   RO         2279    i.RCC_APB2PeriphClockCmd  stm32f10x_rcc.o
    0x08000fc8   0x08000fc8   0x000000d4   Code   RO         2287    i.RCC_GetClocksFreq  stm32f10x_rcc.o
    0x0800109c   0x0800109c   0x00000002   Code   RO          145    i.SVC_Handler       stm32f10x_it.o
    0x0800109e   0x0800109e   0x00000008   Code   RO          676    i.SetSysClock       system_stm32f10x.o
    0x080010a6   0x080010a6   0x00000002   PAD
    0x080010a8   0x080010a8   0x000000e0   Code   RO          677    i.SetSysClockTo72   system_stm32f10x.o
    0x08001188   0x08001188   0x00000002   Code   RO          146    i.SysTick_Handler   stm32f10x_it.o
    0x0800118a   0x0800118a   0x00000002   PAD
    0x0800118c   0x0800118c   0x00000060   Code   RO          679    i.SystemInit        system_stm32f10x.o
    0x080011ec   0x080011ec   0x0000007c   Code   RO          531    i.TIM2_IRQHandler   timer.o
    0x08001268   0x08001268   0x0000004a   Code   RO          532    i.TIM2_Init         timer.o
    0x080012b2   0x080012b2   0x00000006   Code   RO         2906    i.TIM_ClearITPendingBit  stm32f10x_tim.o
    0x080012b8   0x080012b8   0x00000018   Code   RO         2911    i.TIM_Cmd           stm32f10x_tim.o
    0x080012d0   0x080012d0   0x00000006   Code   RO         2930    i.TIM_GetCounter    stm32f10x_tim.o
    0x080012d6   0x080012d6   0x00000022   Code   RO         2932    i.TIM_GetITStatus   stm32f10x_tim.o
    0x080012f8   0x080012f8   0x00000012   Code   RO         2936    i.TIM_ITConfig      stm32f10x_tim.o
    0x0800130a   0x0800130a   0x00000004   Code   RO         2976    i.TIM_SetCounter    stm32f10x_tim.o
    0x0800130e   0x0800130e   0x00000002   PAD
    0x08001310   0x08001310   0x000000a4   Code   RO         2982    i.TIM_TimeBaseInit  stm32f10x_tim.o
    0x080013b4   0x080013b4   0x0000002c   Code   RO          262    i.Time3Init         irctrol.o
    0x080013e0   0x080013e0   0x000000ac   Code   RO          592    i.USART2Conf        uart.o
    0x0800148c   0x0800148c   0x00000078   Code   RO          593    i.USART2_IRQHandler  uart.o
    0x08001504   0x08001504   0x000000b0   Code   RO          594    i.USART3Conf        uart.o
    0x080015b4   0x080015b4   0x00000078   Code   RO          595    i.USART3_IRQHandler  uart.o
    0x0800162c   0x0800162c   0x00000012   Code   RO         3443    i.USART_ClearFlag   stm32f10x_usart.o
    0x0800163e   0x0800163e   0x0000001e   Code   RO         3444    i.USART_ClearITPendingBit  stm32f10x_usart.o
    0x0800165c   0x0800165c   0x00000018   Code   RO         3447    i.USART_Cmd         stm32f10x_usart.o
    0x08001674   0x08001674   0x00000054   Code   RO         3451    i.USART_GetITStatus  stm32f10x_usart.o
    0x080016c8   0x080016c8   0x0000004a   Code   RO         3453    i.USART_ITConfig    stm32f10x_usart.o
    0x08001712   0x08001712   0x00000002   PAD
    0x08001714   0x08001714   0x000000d8   Code   RO         3454    i.USART_Init        stm32f10x_usart.o
    0x080017ec   0x080017ec   0x0000000a   Code   RO         3461    i.USART_ReceiveData  stm32f10x_usart.o
    0x080017f6   0x080017f6   0x00000004   Code   RO          147    i.UsageFault_Handler  stm32f10x_it.o
    0x080017fa   0x080017fa   0x00000002   PAD
    0x080017fc   0x080017fc   0x00000058   Code   RO          382    i.Write_IIC_Byte    oled_iic.o
    0x08001854   0x08001854   0x0000002c   Code   RO          383    i.Write_IIC_Command  oled_iic.o
    0x08001880   0x08001880   0x0000002c   Code   RO          384    i.Write_IIC_Data    oled_iic.o
    0x080018ac   0x080018ac   0x0000007c   Code   RO          205    i.all_init          interface.o
    0x08001928   0x08001928   0x000000b0   Code   RO          206    i.decode_choice     interface.o
    0x080019d8   0x080019d8   0x00000012   Code   RO          559    i.delay_init        delay.o
    0x080019ea   0x080019ea   0x00000002   PAD
    0x080019ec   0x080019ec   0x00000030   Code   RO          234    i.led_init          led.o
    0x08001a1c   0x08001a1c   0x00000010   Code   RO          235    i.led_toggle        led.o
    0x08001a2c   0x08001a2c   0x00000018   Code   RO            1    i.main              main.o
    0x08001a44   0x08001a44   0x0000000c   Code   RO          307    i.motor_init        motor.o
    0x08001a50   0x08001a50   0x00000016   Code   RO          385    i.oled_pow          oled_iic.o
    0x08001a66   0x08001a66   0x00000002   PAD
    0x08001a68   0x08001a68   0x0000001c   Code   RO          500    i.speed_and         speed_set.o
    0x08001a84   0x08001a84   0x00000064   Code   RO          501    i.speed_set_display_execute  speed_set.o
    0x08001ae8   0x08001ae8   0x0000002c   Code   RO          502    i.speed_subtract    speed_set.o
    0x08001b14   0x08001b14   0x00000054   Code   RO          207    i.stop_choice       interface.o
    0x08001b68   0x08001b68   0x00000068   Code   RO          308    i.stop_display_execute  motor.o
    0x08001bd0   0x08001bd0   0x00000020   Data   RO         3840    Region$$Table       anon$$obj.o


    Execution Region RW_IRAM1 (Exec base: 0x20000000, Load base: 0x08001bf0, Size: 0x00001820, Max: 0x00005000, ABSOLUTE, COMPRESSED[0x00000c48])

    Exec Addr    Load Addr    Size         Type   Attr      Idx    E Section Name        Object

    0x20000000   COMPRESSED   0x00000001   Data   RW          236    .data               led.o
    0x20000001   COMPRESSED   0x00000007   Data   RW          263    .data               irctrol.o
    0x20000008   COMPRESSED   0x00000018   Data   RW          309    .data               motor.o
    0x20000020   COMPRESSED   0x00001184   Data   RW          386    .data               oled_iic.o
    0x200011a4   COMPRESSED   0x00000003   Data   RW          503    .data               speed_set.o
    0x200011a7   COMPRESSED   0x00000003   Data   RW          533    .data               timer.o
    0x200011aa   COMPRESSED   0x00000002   Data   RW          596    .data               uart.o
    0x200011ac   COMPRESSED   0x00000014   Data   RW         2307    .data               stm32f10x_rcc.o
    0x200011c0        -       0x00000060   Zero   RW         3712    .bss                c_w.l(libspace.o)
    0x20001220        -       0x00000200   Zero   RW          659    HEAP                startup_stm32f10x_md.o
    0x20001420        -       0x00000400   Zero   RW          658    STACK               startup_stm32f10x_md.o


==============================================================================

Image component sizes


      Code (inc. data)   RO Data    RW Data    ZI Data      Debug   Object Name

        18          0          0          0          0        457   delay.o
       412         70          0          0          0       2180   interface.o
       464         34          0          7          0       3928   irctrol.o
        64         10          0          1          0       1289   led.o
        24          0          0          0          0     255895   main.o
       132         22          0          0          0       1727   misc.o
      1080        174          0         24          0       5411   motor.o
      1306         80          0       4484          0      11674   oled_iic.o
       172         26          0          3          0       1923   speed_set.o
        64         26        236          0       1536        880   startup_stm32f10x_md.o
       200         18          0          0          0       2332   stm32f10x_exti.o
       368          4          0          0          0       4558   stm32f10x_gpio.o
        58          4          0          0          0       4773   stm32f10x_it.o
       276         32          0         20          0       4694   stm32f10x_rcc.o
       256         42          0          0          0       4948   stm32f10x_tim.o
       456          6          0          0          0       6530   stm32f10x_usart.o
       328         28          0          0          0       2193   system_stm32f10x.o
       230         18          0          3          0       1972   timer.o
       588         54          0          2          0       3071   uart.o

    ----------------------------------------------------------------------
      6522        648        268       4544       1536     320435   Object Totals
         0          0         32          0          0          0   (incl. Generated)
        26          0          0          0          0          0   (incl. Padding)

    ----------------------------------------------------------------------

      Code (inc. data)   RO Data    RW Data    ZI Data      Debug   Library Member Name

        90          0          0          0          0          0   __dczerorl2.o
         8          0          0          0          0         68   __main.o
         0          0          0          0          0          0   __rtentry.o
        12          0          0          0          0          0   __rtentry2.o
         6          0          0          0          0          0   __rtentry4.o
        52          8          0          0          0          0   __scatter.o
        28          0          0          0          0          0   __scatter_zi.o
        18          0          0          0          0         80   exit.o
         6          0          0          0          0        152   heapauxi.o
         0          0          0          0          0          0   indicate_semi.o
         2          0          0          0          0          0   libinit.o
         2          0          0          0          0          0   libinit2.o
         2          0          0          0          0          0   libshutdown.o
         2          0          0          0          0          0   libshutdown2.o
         8          4          0          0         96         68   libspace.o
         2          0          0          0          0          0   rtexit.o
        10          0          0          0          0          0   rtexit2.o
        20          0          0          0          0         68   strchr.o
        12          4          0          0          0         68   sys_exit.o
        74          0          0          0          0         80   sys_stackheap_outer.o
         2          0          0          0          0         68   use_no_semi.o

    ----------------------------------------------------------------------
       362         16          0          0         96        652   Library Totals
         6          0          0          0          0          0   (incl. Padding)

    ----------------------------------------------------------------------

      Code (inc. data)   RO Data    RW Data    ZI Data      Debug   Library Name

       356         16          0          0         96        652   c_w.l

    ----------------------------------------------------------------------
       362         16          0          0         96        652   Library Totals

    ----------------------------------------------------------------------

==============================================================================


      Code (inc. data)   RO Data    RW Data    ZI Data      Debug   

      6884        664        268       4544       1632     316455   Grand Totals
      6884        664        268       3144       1632     316455   ELF Image Totals (compressed)
      6884        664        268       3144          0          0   ROM Totals

==============================================================================

    Total RO  Size (Code + RO Data)                 7152 (   6.98kB)
    Total RW  Size (RW Data + ZI Data)              6176 (   6.03kB)
    Total ROM Size (Code + RO Data + RW Data)      10296 (  10.05kB)

==============================================================================

